<html>
<body>
<pre>
<h1>礦ision Build Log</h1>
<h2>Project:</h2>
C:\蓝桥杯视频录制\蓝桥杯嵌入式提高篇\3.国一比赛模板介绍及使用方法\【比赛模板】3.5.3 区分短按与长按\CT117E-LCD\Project\CT117E-LCD.uvproj
Project File Date:  06/04/2020

<h2>Output:</h2>
Load "..\\Output\\CT117E-LCD.axf" 
Erasing Done.
Program Speed: 8.85 KByte/s
Programming Done.
Build target 'Target 1'
compiling main.c...
..\Sre\main.c(43): warning:  #167-D: argument of type "u8 *" is incompatible with parameter of type "char *restrict"
linking...
Program Size: Code=10434 RO-data=4830 RW-data=60 ZI-data=1668  
FromELF: creating hex file...
"..\Output\CT117E-LCD.axf" - 0 Errors, 1 Warning(s).
