Component: ARM Compiler 5.06 update 2 (build 183) Tool: armlink [4d35b7]

==============================================================================

Section Cross References

    startup_stm32f10x_md.o(STACK) refers (Special) to heapauxi.o(.text) for __use_two_region_memory
    startup_stm32f10x_md.o(HEAP) refers (Special) to heapauxi.o(.text) for __use_two_region_memory
    startup_stm32f10x_md.o(RESET) refers (Special) to heapauxi.o(.text) for __use_two_region_memory
    startup_stm32f10x_md.o(RESET) refers to startup_stm32f10x_md.o(STACK) for __initial_sp
    startup_stm32f10x_md.o(RESET) refers to startup_stm32f10x_md.o(.text) for Reset_Handler
    startup_stm32f10x_md.o(RESET) refers to stm32f10x_it.o(.text) for NMI_Handler
    startup_stm32f10x_md.o(RESET) refers to input_capture.o(.text) for TIM2_IRQHandler
    startup_stm32f10x_md.o(RESET) refers to pwm.o(.text) for TIM3_IRQHandler
    startup_stm32f10x_md.o(RESET) refers to main.o(.text) for TIM4_IRQHandler
    startup_stm32f10x_md.o(RESET) refers to usart.o(.text) for USART2_IRQHandler
    startup_stm32f10x_md.o(.text) refers (Special) to heapauxi.o(.text) for __use_two_region_memory
    startup_stm32f10x_md.o(.text) refers to system_stm32f10x.o(.text) for SystemInit
    startup_stm32f10x_md.o(.text) refers to __main.o(!!!main) for __main
    startup_stm32f10x_md.o(.text) refers to startup_stm32f10x_md.o(HEAP) for Heap_Mem
    startup_stm32f10x_md.o(.text) refers to startup_stm32f10x_md.o(STACK) for Stack_Mem
    system_stm32f10x.o(.text) refers to system_stm32f10x.o(.data) for SystemCoreClock
    stm32f10x_gpio.o(.text) refers to stm32f10x_rcc.o(.text) for RCC_APB2PeriphResetCmd
    stm32f10x_rcc.o(.text) refers to stm32f10x_rcc.o(.data) for APBAHBPrescTable
    stm32f10x_tim.o(.text) refers to stm32f10x_rcc.o(.text) for RCC_APB2PeriphResetCmd
    stm32f10x_usart.o(.text) refers to stm32f10x_rcc.o(.text) for RCC_APB2PeriphResetCmd
    lcd.o(.text) refers to stm32f10x_gpio.o(.text) for GPIO_Init
    lcd.o(.text) refers to stm32f10x_rcc.o(.text) for RCC_APB2PeriphClockCmd
    lcd.o(.text) refers to lcd.o(.data) for dummy
    lcd.o(.text) refers to lcd.o(.constdata) for ASCII_Table
    main.o(.text) refers to _printf_percent.o(.ARM.Collect$$_printf_percent$$00000000) for _printf_percent
    main.o(.text) refers to _printf_d.o(.ARM.Collect$$_printf_percent$$00000009) for _printf_d
    main.o(.text) refers to _printf_dec.o(.text) for _printf_int_dec
    main.o(.text) refers to key.o(.text) for key_refresh
    main.o(.text) refers to rt_memclr.o(.text) for __aeabi_memclr
    main.o(.text) refers to noretval__2sprintf.o(.text) for __2sprintf
    main.o(.text) refers to lcd.o(.text) for LCD_DisplayStringLine
    main.o(.text) refers to led.o(.text) for led_ctrl
    main.o(.text) refers to i2c.o(.text) for eeprom_read
    main.o(.text) refers to stm32f10x_gpio.o(.text) for GPIO_Init
    main.o(.text) refers to main.o(.data) for TimingDelay
    main.o(.text) refers to key.o(.data) for key_falling
    main.o(.text) refers to main.o(.bss) for lcd_str
    main.o(.text) refers to input_capture.o(.data) for IC2_TIM2Freq
    main.o(.text) refers to usart.o(.data) for RxIdleFlag
    main.o(.text) refers to usart.o(.bss) for Buffer
    main.o(.text) refers to pwm.o(.data) for CCR1_Val
    main.o(.text) refers to tim.o(.text) for tim_init
    main.o(.text) refers to usart.o(.text) for usart_init
    main.o(.text) refers to input_capture.o(.text) for input_capture_init
    main.o(.text) refers to pwm.o(.text) for pwm_init
    main.o(.text) refers to stm32f10x_tim.o(.text) for TIM_GetITStatus
    main.o(.text) refers to system_stm32f10x.o(.data) for SystemCoreClock
    stm32f10x_it.o(.text) refers to main.o(.data) for TimingDelay
    i2c.o(.text) refers to stm32f10x_gpio.o(.text) for GPIO_Init
    i2c.o(.text) refers to stm32f10x_rcc.o(.text) for RCC_APB2PeriphClockCmd
    key.o(.text) refers to stm32f10x_rcc.o(.text) for RCC_APB2PeriphClockCmd
    key.o(.text) refers to stm32f10x_gpio.o(.text) for GPIO_Init
    key.o(.text) refers to key.o(.data) for key_state
    led.o(.text) refers to stm32f10x_rcc.o(.text) for RCC_APB2PeriphClockCmd
    led.o(.text) refers to stm32f10x_gpio.o(.text) for GPIO_Init
    tim.o(.text) refers to stm32f10x_rcc.o(.text) for RCC_APB1PeriphClockCmd
    tim.o(.text) refers to misc.o(.text) for NVIC_Init
    tim.o(.text) refers to stm32f10x_tim.o(.text) for TIM_TimeBaseInit
    tim.o(.text) refers to system_stm32f10x.o(.data) for SystemCoreClock
    usart.o(.text) refers to stm32f10x_rcc.o(.text) for RCC_APB2PeriphClockCmd
    usart.o(.text) refers to stm32f10x_gpio.o(.text) for GPIO_Init
    usart.o(.text) refers to misc.o(.text) for NVIC_PriorityGroupConfig
    usart.o(.text) refers to stm32f10x_usart.o(.text) for USART_Init
    usart.o(.text) refers to usart.o(.data) for RxNumOfReceived
    usart.o(.text) refers to usart.o(.bss) for Buffer
    input_capture.o(.text) refers to stm32f10x_rcc.o(.text) for RCC_APB1PeriphClockCmd
[...]
    sys_stackheap_outer.o(.text) refers to libspace.o(.text) for __user_perproc_libspace
    sys_stackheap_outer.o(.text) refers to startup_stm32f10x_md.o(.text) for __user_initial_stackheap
    exit.o(.text) refers to rtexit.o(.ARM.Collect$$rtexit$$00000000) for __rt_exit
    libinit.o(.ARM.Collect$$libinit$$00000000) refers (Special) to libinit2.o(.ARM.Collect$$libinit$$0000002E) for __rt_lib_init_alloca_1
    libinit.o(.ARM.Collect$$libinit$$00000000) refers (Special) to libinit2.o(.ARM.Collect$$libinit$$0000002C) for __rt_lib_init_argv_1
    libinit.o(.ARM.Collect$$libinit$$00000000) refers (Special) to libinit2.o(.ARM.Collect$$libinit$$0000001B) for __rt_lib_init_atexit_1
    libinit.o(.ARM.Collect$$libinit$$00000000) refers (Special) to libinit2.o(.ARM.Collect$$libinit$$00000021) for __rt_lib_init_clock_1
    libinit.o(.ARM.Collect$$libinit$$00000000) refers (Special) to libinit2.o(.ARM.Collect$$libinit$$00000032) for __rt_lib_init_cpp_1
    libinit.o(.ARM.Collect$$libinit$$00000000) refers (Special) to libinit2.o(.ARM.Collect$$libinit$$00000030) for __rt_lib_init_exceptions_1
    libinit.o(.ARM.Collect$$libinit$$00000000) refers (Special) to libinit2.o(.ARM.Collect$$libinit$$00000002) for __rt_lib_init_fp_1
    libinit.o(.ARM.Collect$$libinit$$00000000) refers (Special) to libinit2.o(.ARM.Collect$$libinit$$0000001F) for __rt_lib_init_fp_trap_1
    libinit.o(.ARM.Collect$$libinit$$00000000) refers (Special) to libinit2.o(.ARM.Collect$$libinit$$00000023) for __rt_lib_init_getenv_1
    libinit.o(.ARM.Collect$$libinit$$00000000) refers (Special) to libinit2.o(.ARM.Collect$$libinit$$0000000A) for __rt_lib_init_heap_1
    libinit.o(.ARM.Collect$$libinit$$00000000) refers (Special) to libinit2.o(.ARM.Collect$$libinit$$00000011) for __rt_lib_init_lc_collate_1
    libinit.o(.ARM.Collect$$libinit$$00000000) refers (Special) to libinit2.o(.ARM.Collect$$libinit$$00000013) for __rt_lib_init_lc_ctype_1
    libinit.o(.ARM.Collect$$libinit$$00000000) refers (Special) to libinit2.o(.ARM.Collect$$libinit$$00000015) for __rt_lib_init_lc_monetary_1
    libinit.o(.ARM.Collect$$libinit$$00000000) refers (Special) to libinit2.o(.ARM.Collect$$libinit$$00000017) for __rt_lib_init_lc_numeric_1
    libinit.o(.ARM.Collect$$libinit$$00000000) refers (Special) to libinit2.o(.ARM.Collect$$libinit$$00000019) for __rt_lib_init_lc_time_1
    libinit.o(.ARM.Collect$$libinit$$00000000) refers (Special) to libinit2.o(.ARM.Collect$$libinit$$00000004) for __rt_lib_init_preinit_1
    libinit.o(.ARM.Collect$$libinit$$00000000) refers (Special) to libinit2.o(.ARM.Collect$$libinit$$0000000E) for __rt_lib_init_rand_1
    libinit.o(.ARM.Collect$$libinit$$00000000) refers (Special) to libinit2.o(.ARM.Collect$$libinit$$00000033) for __rt_lib_init_return
    libinit.o(.ARM.Collect$$libinit$$00000000) refers (Special) to libinit2.o(.ARM.Collect$$libinit$$0000001D) for __rt_lib_init_signal_1
    libinit.o(.ARM.Collect$$libinit$$00000000) refers (Special) to libinit2.o(.ARM.Collect$$libinit$$00000025) for __rt_lib_init_stdio_1
    libinit.o(.ARM.Collect$$libinit$$00000000) refers (Special) to libinit2.o(.ARM.Collect$$libinit$$0000000C) for __rt_lib_init_user_alloc_1
    libspace.o(.text) refers to libspace.o(.bss) for __libspace_start
    rtexit.o(.ARM.Collect$$rtexit$$00000000) refers (Special) to rtexit2.o(.ARM.Collect$$rtexit$$00000004) for __rt_exit_exit
    rtexit.o(.ARM.Collect$$rtexit$$00000000) refers (Special) to rtexit2.o(.ARM.Collect$$rtexit$$00000003) for __rt_exit_ls
    rtexit.o(.ARM.Collect$$rtexit$$00000000) refers (Special) to rtexit2.o(.ARM.Collect$$rtexit$$00000002) for __rt_exit_prels_1
    rtexit.o(.ARM.exidx) refers (Special) to rtexit2.o(.ARM.Collect$$rtexit$$00000004) for __rt_exit_exit
    rtexit.o(.ARM.exidx) refers (Special) to rtexit2.o(.ARM.Collect$$rtexit$$00000003) for __rt_exit_ls
    rtexit.o(.ARM.exidx) refers (Special) to rtexit2.o(.ARM.Collect$$rtexit$$00000002) for __rt_exit_prels_1
    rtexit.o(.ARM.exidx) refers to rtexit.o(.ARM.Collect$$rtexit$$00000000) for .ARM.Collect$$rtexit$$00000000
    libinit2.o(.ARM.Collect$$libinit$$00000010) refers to libinit2.o(.ARM.Collect$$libinit$$0000000F) for .ARM.Collect$$libinit$$0000000F
    libinit2.o(.ARM.Collect$$libinit$$00000012) refers to libinit2.o(.ARM.Collect$$libinit$$0000000F) for .ARM.Collect$$libinit$$0000000F
    libinit2.o(.ARM.Collect$$libinit$$00000014) refers to libinit2.o(.ARM.Collect$$libinit$$0000000F) for .ARM.Collect$$libinit$$0000000F
    libinit2.o(.ARM.Collect$$libinit$$00000016) refers to libinit2.o(.ARM.Collect$$libinit$$0000000F) for .ARM.Collect$$libinit$$0000000F
    libinit2.o(.ARM.Collect$$libinit$$00000018) refers to libinit2.o(.ARM.Collect$$libinit$$0000000F) for .ARM.Collect$$libinit$$0000000F
    libinit2.o(.ARM.Collect$$libinit$$00000026) refers to argv_veneer.o(.emb_text) for __ARM_argv_veneer
    libinit2.o(.ARM.Collect$$libinit$$00000027) refers to argv_veneer.o(.emb_text) for __ARM_argv_veneer
    rtexit2.o(.ARM.Collect$$rtexit$$00000003) refers to libshutdown.o(.ARM.Collect$$libshutdown$$00000000) for __rt_lib_shutdown
    rtexit2.o(.ARM.Collect$$rtexit$$00000004) refers to sys_exit.o(.text) for _sys_exit
    rtexit2.o(.ARM.exidx) refers to rtexit2.o(.ARM.Collect$$rtexit$$00000001) for .ARM.Collect$$rtexit$$00000001
    rtexit2.o(.ARM.exidx) refers to rtexit2.o(.ARM.Collect$$rtexit$$00000003) for .ARM.Collect$$rtexit$$00000003
    rtexit2.o(.ARM.exidx) refers to rtexit2.o(.ARM.Collect$$rtexit$$00000004) for .ARM.Collect$$rtexit$$00000004
    argv_veneer.o(.emb_text) refers to no_argv.o(.text) for __ARM_get_argv
    sys_exit.o(.text) refers (Special) to use_no_semi.o(.text) for __I$use$semihosting
    sys_exit.o(.text) refers (Special) to indicate_semi.o(.text) for __semihosting_library_function
    _get_argv_nomalloc.o(.text) refers (Special) to hrguard.o(.text) for __heap_region$guard
    _get_argv_nomalloc.o(.text) refers to defsig_rtmem_outer.o(.text) for __rt_SIGRTMEM
    _get_argv_nomalloc.o(.text) refers to sys_command.o(.text) for _sys_command_string
    libshutdown.o(.ARM.Collect$$libshutdown$$00000000) refers (Special) to libshutdown2.o(.ARM.Collect$$libshutdown$$00000002) for __rt_lib_shutdown_cpp_1
    libshutdown.o(.ARM.Collect$$libshutdown$$00000000) refers (Special) to libshutdown2.o(.ARM.Collect$$libshutdown$$00000007) for __rt_lib_shutdown_fp_trap_1
    libshutdown.o(.ARM.Collect$$libshutdown$$00000000) refers (Special) to libshutdown2.o(.ARM.Collect$$libshutdown$$0000000F) for __rt_lib_shutdown_heap_1
    libshutdown.o(.ARM.Collect$$libshutdown$$00000000) refers (Special) to libshutdown2.o(.ARM.Collect$$libshutdown$$00000010) for __rt_lib_shutdown_return
    libshutdown.o(.ARM.Collect$$libshutdown$$00000000) refers (Special) to libshutdown2.o(.ARM.Collect$$libshutdown$$0000000A) for __rt_lib_shutdown_signal_1
    libshutdown.o(.ARM.Collect$$libshutdown$$00000000) refers (Special) to libshutdown2.o(.ARM.Collect$$libshutdown$$00000004) for __rt_lib_shutdown_stdio_1
    libshutdown.o(.ARM.Collect$$libshutdown$$00000000) refers (Special) to libshutdown2.o(.ARM.Collect$$libshutdown$$0000000C) for __rt_lib_shutdown_user_alloc_1
    sys_command.o(.text) refers (Special) to use_no_semi.o(.text) for __I$use$semihosting
    sys_command.o(.text) refers (Special) to indicate_semi.o(.text) for __semihosting_library_function
    defsig_rtmem_outer.o(.text) refers to defsig_rtmem_inner.o(.text) for __rt_SIGRTMEM_inner
    defsig_rtmem_outer.o(.text) refers to defsig_exit.o(.text) for __sig_exit
    defsig_rtmem_formal.o(.text) refers to rt_raise.o(.text) for __rt_raise
    rt_raise.o(.text) refers to __raise.o(.text) for __raise
    rt_raise.o(.text) refers to sys_exit.o(.text) for _sys_exit
    defsig_exit.o(.text) refers to sys_exit.o(.text) for _sys_exit
    defsig_rtmem_inner.o(.text) refers to defsig_general.o(.text) for __default_signal_display
    __raise.o(.text) refers to defsig.o(CL$$defsig) for __default_signal_handler
    defsig_general.o(.text) refers to sys_wrch.o(.text) for _ttywrch
    sys_wrch.o(.text) refers (Special) to use_no_semi.o(.text) for __I$use$semihosting
    sys_wrch.o(.text) refers (Special) to indicate_semi.o(.text) for __semihosting_library_function
    defsig.o(CL$$defsig) refers to defsig_rtmem_inner.o(.text) for __rt_SIGRTMEM_inner
    defsig_abrt_inner.o(.text) refers to defsig_general.o(.text) for __default_signal_display
    defsig_fpe_inner.o(.text) refers to defsig_general.o(.text) for __default_signal_display
    defsig_rtred_inner.o(.text) refers to defsig_general.o(.text) for __default_signal_display
    defsig_stak_inner.o(.text) refers to defsig_general.o(.text) for __default_signal_display
    defsig_pvfn_inner.o(.text) refers to defsig_general.o(.text) for __default_signal_display
    defsig_cppl_inner.o(.text) refers to defsig_general.o(.text) for __default_signal_display
    defsig_segv_inner.o(.text) refers to defsig_general.o(.text) for __default_signal_display
    defsig_other.o(.text) refers to defsig_general.o(.text) for __default_signal_display


==============================================================================

Removing Unused input sections from the image.

    Removing core_cm3.o(.emb_text), (32 bytes).
    Removing system_stm32f10x.o(.rev16_text), (4 bytes).
    Removing system_stm32f10x.o(.revsh_text), (4 bytes).
    Removing stm32f10x_gpio.o(.rev16_text), (4 bytes).
    Removing stm32f10x_gpio.o(.revsh_text), (4 bytes).
    Removing stm32f10x_rcc.o(.rev16_text), (4 bytes).
    Removing stm32f10x_rcc.o(.revsh_text), (4 bytes).
    Removing misc.o(.rev16_text), (4 bytes).
    Removing misc.o(.revsh_text), (4 bytes).
    Removing stm32f10x_tim.o(.rev16_text), (4 bytes).
    Removing stm32f10x_tim.o(.revsh_text), (4 bytes).
    Removing stm32f10x_usart.o(.rev16_text), (4 bytes).
    Removing stm32f10x_usart.o(.revsh_text), (4 bytes).
    Removing lcd.o(.rev16_text), (4 bytes).
    Removing lcd.o(.revsh_text), (4 bytes).
    Removing main.o(.rev16_text), (4 bytes).
    Removing main.o(.revsh_text), (4 bytes).
    Removing stm32f10x_it.o(.rev16_text), (4 bytes).
    Removing stm32f10x_it.o(.revsh_text), (4 bytes).
    Removing i2c.o(.rev16_text), (4 bytes).
    Removing i2c.o(.revsh_text), (4 bytes).
    Removing key.o(.rev16_text), (4 bytes).
    Removing key.o(.revsh_text), (4 bytes).
    Removing led.o(.rev16_text), (4 bytes).
    Removing led.o(.revsh_text), (4 bytes).
    Removing tim.o(.rev16_text), (4 bytes).
    Removing tim.o(.revsh_text), (4 bytes).
    Removing usart.o(.rev16_text), (4 bytes).
    Removing usart.o(.revsh_text), (4 bytes).
    Removing input_capture.o(.rev16_text), (4 bytes).
    Removing input_capture.o(.revsh_text), (4 bytes).
    Removing pwm.o(.rev16_text), (4 bytes).
    Removing pwm.o(.revsh_text), (4 bytes).

33 unused section(s) (total 160 bytes) removed from the image.

==============================================================================

Image Symbol Table

    Local Symbols

    Symbol Name                              Value     Ov Type        Size  Object(Section)

    ../clib/angel/boardlib.s                 0x00000000   Number         0  boardinit3.o ABSOLUTE
    ../clib/angel/boardlib.s                 0x00000000   Number         0  boardshut.o ABSOLUTE
    ../clib/angel/boardlib.s                 0x00000000   Number         0  boardinit2.o ABSOLUTE
    ../clib/angel/boardlib.s                 0x00000000   Number         0  boardinit1.o ABSOLUTE
    ../clib/angel/handlers.s                 0x00000000   Number         0  __scatter_zi.o ABSOLUTE
    ../clib/angel/handlers.s                 0x00000000   Number         0  __scatter_copy.o ABSOLUTE
    ../clib/angel/kernel.s                   0x00000000   Number         0  __rtentry4.o ABSOLUTE
    ../clib/angel/kernel.s                   0x00000000   Number         0  __rtentry.o ABSOLUTE
    ../clib/angel/kernel.s                   0x00000000   Number         0  rtexit.o ABSOLUTE
    ../clib/angel/kernel.s                   0x00000000   Number         0  rtexit2.o ABSOLUTE
    ../clib/angel/kernel.s                   0x00000000   Number         0  __rtentry2.o ABSOLUTE
    ../clib/angel/rt.s                       0x00000000   Number         0  rt_raise.o ABSOLUTE
    ../clib/angel/scatter.s                  0x00000000   Number         0  __scatter.o ABSOLUTE
    ../clib/angel/startup.s                  0x00000000   Number         0  __main.o ABSOLUTE
    ../clib/angel/sys.s                      0x00000000   Number         0  libspace.o ABSOLUTE
    ../clib/angel/sys.s                      0x00000000   Number         0  use_no_semi.o ABSOLUTE
    ../clib/angel/sys.s                      0x00000000   Number         0  indicate_semi.o ABSOLUTE
    ../clib/angel/sys.s                      0x00000000   Number         0  sys_stackheap_outer.o ABSOLUTE
    ../clib/angel/sysapp.c                   0x00000000   Number         0  sys_wrch.o ABSOLUTE
    ../clib/angel/sysapp.c                   0x00000000   Number         0  sys_exit.o ABSOLUTE
    ../clib/angel/sysapp.c                   0x00000000   Number         0  sys_command.o ABSOLUTE
    ../clib/armsys.c                         0x00000000   Number         0  argv_veneer.o ABSOLUTE
    ../clib/armsys.c                         0x00000000   Number         0  argv_veneer.o ABSOLUTE
    ../clib/armsys.c                         0x00000000   Number         0  no_argv.o ABSOLUTE
    ../clib/armsys.c                         0x00000000   Number         0  _get_argv_nomalloc.o ABSOLUTE
    ../clib/heapalloc.c                      0x00000000   Number         0  hrguard.o ABSOLUTE
    ../clib/heapaux.c                        0x00000000   Number         0  heapauxi.o ABSOLUTE
    ../clib/libinit.s                        0x00000000   Number         0  libshutdown2.o ABSOLUTE
    ../clib/libinit.s                        0x00000000   Number         0  libshutdown.o ABSOLUTE
    ../clib/libinit.s                        0x00000000   Number         0  libinit2.o ABSOLUTE
    ../clib/libinit.s                        0x00000000   Number         0  libinit.o ABSOLUTE
    ../clib/memcpset.s                       0x00000000   Number         0  rt_memclr_w.o ABSOLUTE
    ../clib/memcpset.s                       0x00000000   Number         0  rt_memclr.o ABSOLUTE
    ../clib/printf.c                         0x00000000   Number         0  _printf_char_common.o ABSOLUTE
    ../clib/printf.c                         0x00000000   Number         0  _printf_intcommon.o ABSOLUTE
    ../clib/printf.c                         0x00000000   Number         0  __2sprintf.o ABSOLUTE
    ../clib/printf.c                         0x00000000   Number         0  __printf.o ABSOLUTE
    ../clib/printf.c                         0x00000000   Number         0  __printf_nopercent.o ABSOLUTE
    ../clib/printf.c                         0x00000000   Number         0  _printf_dec.o ABSOLUTE
    ../clib/printf.c                         0x00000000   Number         0  noretval__2sprintf.o ABSOLUTE
    ../clib/printf.c                         0x00000000   Number         0  __printf_flags.o ABSOLUTE
    ../clib/printf.c                         0x00000000   Number         0  __printf_flags_ss.o ABSOLUTE
    ../clib/printf.c                         0x00000000   Number         0  __printf_wp.o ABSOLUTE
    ../clib/printf.c                         0x00000000   Number         0  __printf_ss_wp.o ABSOLUTE
    ../clib/printf.c                         0x00000000   Number         0  __printf_flags_ss_wp.o ABSOLUTE
    ../clib/printf.c                         0x00000000   Number         0  __printf_ss.o ABSOLUTE
    ../clib/printf.c                         0x00000000   Number         0  __printf_flags_wp.o ABSOLUTE
    ../clib/printf.c                         0x00000000   Number         0  _sputc.o ABSOLUTE
    ../clib/printf_percent.s                 0x00000000   Number         0  _printf_d.o ABSOLUTE
    ../clib/printf_percent.s                 0x00000000   Number         0  _printf_percent.o ABSOLUTE
    ../clib/printf_percent.s                 0x00000000   Number         0  _printf_percent_end.o ABSOLUTE
    ../clib/signal.c                         0x00000000   Number         0  defsig_general.o ABSOLUTE
    ../clib/signal.c                         0x00000000   Number         0  defsig_abrt_inner.o ABSOLUTE
    ../clib/signal.c                         0x00000000   Number         0  defsig_fpe_inner.o ABSOLUTE
    ../clib/signal.c                         0x00000000   Number         0  defsig_rtred_inner.o ABSOLUTE
    ../clib/signal.c                         0x00000000   Number         0  defsig_stak_inner.o ABSOLUTE
    ../clib/signal.c                         0x00000000   Number         0  defsig_rtmem_formal.o ABSOLUTE
    ../clib/signal.c                         0x00000000   Number         0  defsig_rtmem_outer.o ABSOLUTE
    ../clib/signal.c                         0x00000000   Number         0  defsig_other.o ABSOLUTE
    ../clib/signal.c                         0x00000000   Number         0  defsig_rtmem_inner.o ABSOLUTE
    ../clib/signal.c                         0x00000000   Number         0  defsig_pvfn_inner.o ABSOLUTE
    ../clib/signal.c                         0x00000000   Number         0  defsig_cppl_inner.o ABSOLUTE
    ../clib/signal.c                         0x00000000   Number         0  defsig_segv_inner.o ABSOLUTE
    ../clib/signal.c                         0x00000000   Number         0  defsig_exit.o ABSOLUTE
    ../clib/signal.c                         0x00000000   Number         0  __raise.o ABSOLUTE
    ../clib/signal.s                         0x00000000   Number         0  defsig.o ABSOLUTE
    ../clib/stdlib.c                         0x00000000   Number         0  exit.o ABSOLUTE
    ../fplib/fpinit.s                        0x00000000   Number         0  fpinit.o ABSOLUTE
    ..\Libraries\CMSIS\CM3\CoreSupport\core_cm3.c 0x00000000   Number         0  core_cm3.o ABSOLUTE
    ..\Libraries\CMSIS\CM3\DeviceSupport\ST\STM32F10x\startup\arm\startup_stm32f10x_md.s 0x00000000   Number         0  startup_stm32f10x_md.o ABSOLUTE
    ..\Libraries\CMSIS\CM3\DeviceSupport\ST\STM32F10x\system_stm32f10x.c 0x00000000   Number         0  system_stm32f10x.o ABSOLUTE
    ..\Libraries\STM32F10x_StdPeriph_Driver\src\misc.c 0x00000000   Number         0  misc.o ABSOLUTE
    ..\Libraries\STM32F10x_StdPeriph_Driver\src\stm32f10x_gpio.c 0x00000000   Number         0  stm32f10x_gpio.o ABSOLUTE
    ..\Libraries\STM32F10x_StdPeriph_Driver\src\stm32f10x_rcc.c 0x00000000   Number         0  stm32f10x_rcc.o ABSOLUTE
    ..\Libraries\STM32F10x_StdPeriph_Driver\src\stm32f10x_tim.c 0x00000000   Number         0  stm32f10x_tim.o ABSOLUTE
    ..\Libraries\STM32F10x_StdPeriph_Driver\src\stm32f10x_usart.c 0x00000000   Number         0  stm32f10x_usart.o ABSOLUTE
    ..\Sre\i2c.c                             0x00000000   Number         0  i2c.o ABSOLUTE
    ..\Sre\input_capture.c                   0x00000000   Number         0  input_capture.o ABSOLUTE
    ..\Sre\key.c                             0x00000000   Number         0  key.o ABSOLUTE
    ..\Sre\lcd.c                             0x00000000   Number         0  lcd.o ABSOLUTE
    ..\Sre\led.c                             0x00000000   Number         0  led.o ABSOLUTE
    ..\Sre\main.c                            0x00000000   Number         0  main.o ABSOLUTE
    ..\Sre\pwm.c                             0x00000000   Number         0  pwm.o ABSOLUTE
    ..\Sre\stm32f10x_it.c                    0x00000000   Number         0  stm32f10x_it.o ABSOLUTE
    ..\Sre\tim.c                             0x00000000   Number         0  tim.o ABSOLUTE
    ..\Sre\usart.c                           0x00000000   Number         0  usart.o ABSOLUTE
    ..\\Libraries\\CMSIS\\CM3\\CoreSupport\\core_cm3.c 0x00000000   Number         0  core_cm3.o ABSOLUTE
    ..\\Libraries\\CMSIS\\CM3\\DeviceSupport\\ST\\STM32F10x\\system_stm32f10x.c 0x00000000   Number         0  system_stm32f10x.o ABSOLUTE
    ..\\Libraries\\STM32F10x_StdPeriph_Driver\\src\\misc.c 0x00000000   Number         0  misc.o ABSOLUTE
    ..\\Libraries\\STM32F10x_StdPeriph_Driver\\src\\stm32f10x_gpio.c 0x00000000   Number         0  stm32f10x_gpio.o ABSOLUTE
    ..\\Libraries\\STM32F10x_StdPeriph_Driver\\src\\stm32f10x_rcc.c 0x00000000   Number         0  stm32f10x_rcc.o ABSOLUTE
    ..\\Libraries\\STM32F10x_StdPeriph_Driver\\src\\stm32f10x_tim.c 0x00000000   Number         0  stm32f10x_tim.o ABSOLUTE
    ..\\Libraries\\STM32F10x_StdPeriph_Driver\\src\\stm32f10x_usart.c 0x00000000   Number         0  stm32f10x_usart.o ABSOLUTE
    ..\\Sre\\i2c.c                           0x00000000   Number         0  i2c.o ABSOLUTE
    ..\\Sre\\input_capture.c                 0x00000000   Number         0  input_capture.o ABSOLUTE
    ..\\Sre\\key.c                           0x00000000   Number         0  key.o ABSOLUTE
    ..\\Sre\\lcd.c                           0x00000000   Number         0  lcd.o ABSOLUTE
    ..\\Sre\\led.c                           0x00000000   Number         0  led.o ABSOLUTE
    ..\\Sre\\main.c                          0x00000000   Number         0  main.o ABSOLUTE
    ..\\Sre\\pwm.c                           0x00000000   Number         0  pwm.o ABSOLUTE
    ..\\Sre\\stm32f10x_it.c                  0x00000000   Number         0  stm32f10x_it.o ABSOLUTE
    ..\\Sre\\tim.c                           0x00000000   Number         0  tim.o ABSOLUTE
    ..\\Sre\\usart.c                         0x00000000   Number         0  usart.o ABSOLUTE
    dc.s                                     0x00000000   Number         0  dc.o ABSOLUTE
    RESET                                    0x08000000   Section      236  startup_stm32f10x_md.o(RESET)
    !!!main                                  0x080000ec   Section        8  __main.o(!!!main)
    !!!scatter                               0x080000f4   Section       52  __scatter.o(!!!scatter)
    !!handler_copy                           0x08000128   Section       26  __scatter_copy.o(!!handler_copy)
    !!handler_zi                             0x08000144   Section       28  __scatter_zi.o(!!handler_zi)
    .ARM.Collect$$_printf_percent$$00000000  0x08000160   Section        0  _printf_percent.o(.ARM.Collect$$_printf_percent$$00000000)
    .ARM.Collect$$_printf_percent$$00000009  0x08000160   Section        6  _printf_d.o(.ARM.Collect$$_printf_percent$$00000009)
    .ARM.Collect$$_printf_percent$$00000017  0x08000166   Section        4  _printf_percent_end.o(.ARM.Collect$$_printf_percent$$00000017)
    .ARM.Collect$$libinit$$00000000          0x0800016a   Section        2  libinit.o(.ARM.Collect$$libinit$$00000000)
    .ARM.Collect$$libinit$$00000002          0x0800016c   Section        0  libinit2.o(.ARM.Collect$$libinit$$00000002)
    .ARM.Collect$$libinit$$00000004          0x0800016c   Section        0  libinit2.o(.ARM.Collect$$libinit$$00000004)
    .ARM.Collect$$libinit$$0000000A          0x0800016c   Section        0  libinit2.o(.ARM.Collect$$libinit$$0000000A)
    .ARM.Collect$$libinit$$0000000C          0x0800016c   Section        0  libinit2.o(.ARM.Collect$$libinit$$0000000C)
    .ARM.Collect$$libinit$$0000000E          0x0800016c   Section        0  libinit2.o(.ARM.Collect$$libinit$$0000000E)
    .ARM.Collect$$libinit$$00000011          0x0800016c   Section        0  libinit2.o(.ARM.Collect$$libinit$$00000011)
    .ARM.Collect$$libinit$$00000013          0x0800016c   Section        0  libinit2.o(.ARM.Collect$$libinit$$00000013)
    .ARM.Collect$$libinit$$00000015          0x0800016c   Section        0  libinit2.o(.ARM.Collect$$libinit$$00000015)
    .ARM.Collect$$libinit$$00000017          0x0800016c   Section        0  libinit2.o(.ARM.Collect$$libinit$$00000017)
    .ARM.Collect$$libinit$$00000019          0x0800016c   Section        0  libinit2.o(.ARM.Collect$$libinit$$00000019)
    .ARM.Collect$$libinit$$0000001B          0x0800016c   Section        0  libinit2.o(.ARM.Collect$$libinit$$0000001B)
    .ARM.Collect$$libinit$$0000001D          0x0800016c   Section        0  libinit2.o(.ARM.Collect$$libinit$$0000001D)
    .ARM.Collect$$libinit$$0000001F          0x0800016c   Section        0  libinit2.o(.ARM.Collect$$libinit$$0000001F)
    .ARM.Collect$$libinit$$00000021          0x0800016c   Section        0  libinit2.o(.ARM.Collect$$libinit$$00000021)
    .ARM.Collect$$libinit$$00000023          0x0800016c   Section        0  libinit2.o(.ARM.Collect$$libinit$$00000023)
    .ARM.Collect$$libinit$$00000025          0x0800016c   Section        0  libinit2.o(.ARM.Collect$$libinit$$00000025)
    .ARM.Collect$$libinit$$0000002C          0x0800016c   Section        0  libinit2.o(.ARM.Collect$$libinit$$0000002C)
    .ARM.Collect$$libinit$$0000002E          0x0800016c   Section        0  libinit2.o(.ARM.Collect$$libinit$$0000002E)
    .ARM.Collect$$libinit$$00000030          0x0800016c   Section        0  libinit2.o(.ARM.Collect$$libinit$$00000030)
    .ARM.Collect$$libinit$$00000032          0x0800016c   Section        0  libinit2.o(.ARM.Collect$$libinit$$00000032)
    .ARM.Collect$$libinit$$00000033          0x0800016c   Section        2  libinit2.o(.ARM.Collect$$libinit$$00000033)
    .ARM.Collect$$libshutdown$$00000000      0x0800016e   Section        2  libshutdown.o(.ARM.Collect$$libshutdown$$00000000)
    .ARM.Collect$$libshutdown$$00000002      0x08000170   Section        0  libshutdown2.o(.ARM.Collect$$libshutdown$$00000002)
    .ARM.Collect$$libshutdown$$00000004      0x08000170   Section        0  libshutdown2.o(.ARM.Collect$$libshutdown$$00000004)
    .ARM.Collect$$libshutdown$$00000007      0x08000170   Section        0  libshutdown2.o(.ARM.Collect$$libshutdown$$00000007)
    .ARM.Collect$$libshutdown$$0000000A      0x08000170   Section        0  libshutdown2.o(.ARM.Collect$$libshutdown$$0000000A)
    .ARM.Collect$$libshutdown$$0000000C      0x08000170   Section        0  libshutdown2.o(.ARM.Collect$$libshutdown$$0000000C)
    .ARM.Collect$$libshutdown$$0000000F      0x08000170   Section        0  libshutdown2.o(.ARM.Collect$$libshutdown$$0000000F)
    .ARM.Collect$$libshutdown$$00000010      0x08000170   Section        2  libshutdown2.o(.ARM.Collect$$libshutdown$$00000010)
    .ARM.Collect$$rtentry$$00000000          0x08000172   Section        0  __rtentry.o(.ARM.Collect$$rtentry$$00000000)
    .ARM.Collect$$rtentry$$00000002          0x08000172   Section        0  __rtentry2.o(.ARM.Collect$$rtentry$$00000002)
    .ARM.Collect$$rtentry$$00000004          0x08000172   Section        6  __rtentry4.o(.ARM.Collect$$rtentry$$00000004)
    .ARM.Collect$$rtentry$$00000009          0x08000178   Section        0  __rtentry2.o(.ARM.Collect$$rtentry$$00000009)
    .ARM.Collect$$rtentry$$0000000A          0x08000178   Section        4  __rtentry2.o(.ARM.Collect$$rtentry$$0000000A)
    .ARM.Collect$$rtentry$$0000000C          0x0800017c   Section        0  __rtentry2.o(.ARM.Collect$$rtentry$$0000000C)
    .ARM.Collect$$rtentry$$0000000D          0x0800017c   Section        8  __rtentry2.o(.ARM.Collect$$rtentry$$0000000D)
    .ARM.Collect$$rtexit$$00000000           0x08000184   Section        2  rtexit.o(.ARM.Collect$$rtexit$$00000000)
    .ARM.Collect$$rtexit$$00000002           0x08000186   Section        0  rtexit2.o(.ARM.Collect$$rtexit$$00000002)
    .ARM.Collect$$rtexit$$00000003           0x08000186   Section        4  rtexit2.o(.ARM.Collect$$rtexit$$00000003)
    .ARM.Collect$$rtexit$$00000004           0x0800018a   Section        6  rtexit2.o(.ARM.Collect$$rtexit$$00000004)
    .text                                    0x08000190   Section       64  startup_stm32f10x_md.o(.text)
    .text                                    0x080001d0   Section        0  system_stm32f10x.o(.text)
    SetSysClockTo72                          0x080001d1   Thumb Code   214  system_stm32f10x.o(.text)
    SetSysClock                              0x080002a7   Thumb Code     8  system_stm32f10x.o(.text)
    .text                                    0x080003b0   Section        0  stm32f10x_gpio.o(.text)
    .text                                    0x0800070c   Section        0  stm32f10x_rcc.o(.text)
    .text                                    0x08000ab0   Section        0  misc.o(.text)
    .text                                    0x08000b8c   Section        0  stm32f10x_tim.o(.text)
    TI4_Config                               0x08001033   Thumb Code   130  stm32f10x_tim.o(.text)
    TI3_Config                               0x080010c7   Thumb Code   122  stm32f10x_tim.o(.text)
    TI2_Config                               0x0800115b   Thumb Code   130  stm32f10x_tim.o(.text)
    TI1_Config                               0x080011ef   Thumb Code   108  stm32f10x_tim.o(.text)
    .text                                    0x080019a8   Section        0  stm32f10x_usart.o(.text)
    .text                                    0x08001db0   Section        0  lcd.o(.text)
    .text                                    0x080027bc   Section        0  main.o(.text)
    .text                                    0x08002df8   Section        0  stm32f10x_it.o(.text)
    .text                                    0x08002e20   Section        0  i2c.o(.text)
    .text                                    0x08003120   Section        0  key.o(.text)
    .text                                    0x080031c8   Section        0  led.o(.text)
    .text                                    0x08003288   Section        0  tim.o(.text)
    .text                                    0x08003318   Section        0  usart.o(.text)
    .text                                    0x0800343c   Section        0  input_capture.o(.text)
    .text                                    0x0800363c   Section        0  pwm.o(.text)
    .text                                    0x08003798   Section        0  noretval__2sprintf.o(.text)
    .text                                    0x080037c0   Section        0  __printf.o(.text)
    .text                                    0x08003828   Section        0  _printf_dec.o(.text)
    .text                                    0x080038a0   Section       68  rt_memclr.o(.text)
    .text                                    0x080038e4   Section        0  heapauxi.o(.text)
    .text                                    0x080038ea   Section        0  _printf_intcommon.o(.text)
    .text                                    0x0800399c   Section        0  _printf_char_common.o(.text)
    _printf_input_char                       0x0800399d   Thumb Code    10  _printf_char_common.o(.text)
    .text                                    0x080039cc   Section        0  _sputc.o(.text)
    .text                                    0x080039d6   Section       78  rt_memclr_w.o(.text)
    .text                                    0x08003a24   Section       74  sys_stackheap_outer.o(.text)
    .text                                    0x08003a6e   Section        0  exit.o(.text)
    .text                                    0x08003a80   Section        8  libspace.o(.text)
    .text                                    0x08003a88   Section        0  sys_exit.o(.text)
    .text                                    0x08003a94   Section        2  use_no_semi.o(.text)
    .constdata                               0x08003a96   Section     4560  lcd.o(.constdata)
    .text                                    0x08003a96   Section        0  indicate_semi.o(.text)
    .data                                    0x20000000   Section       20  system_stm32f10x.o(.data)
    .data                                    0x20000014   Section       20  stm32f10x_rcc.o(.data)
    APBAHBPrescTable                         0x20000014   Data          16  stm32f10x_rcc.o(.data)
    ADCPrescTable                            0x20000024   Data           4  stm32f10x_rcc.o(.data)
    .data                                    0x20000028   Section        6  lcd.o(.data)
    TextColor                                0x20000028   Data           2  lcd.o(.data)
    BackColor                                0x2000002a   Data           2  lcd.o(.data)
    .data                                    0x20000030   Section       22  main.o(.data)
    N1_pre                                   0x20000044   Data           1  main.o(.data)
    N2_pre                                   0x20000045   Data           1  main.o(.data)
    .data                                    0x20000046   Section        3  key.o(.data)
    .data                                    0x20000049   Section        8  usart.o(.data)
    .data                                    0x20000054   Section       32  input_capture.o(.data)
    .data                                    0x20000074   Section        4  pwm.o(.data)
    .bss                                     0x20000078   Section       20  main.o(.bss)
    .bss                                     0x2000008c   Section       20  usart.o(.bss)
    .bss                                     0x200000a0   Section       96  libspace.o(.bss)
    HEAP                                     0x20000100   Section      512  startup_stm32f10x_md.o(HEAP)
    Heap_Mem                                 0x20000100   Data         512  startup_stm32f10x_md.o(HEAP)
    STACK                                    0x20000300   Section     1024  startup_stm32f10x_md.o(STACK)
    Stack_Mem                                0x20000300   Data        1024  startup_stm32f10x_md.o(STACK)
    __initial_sp                             0x20000700   Data           0  startup_stm32f10x_md.o(STACK)

    Global Symbols

    Symbol Name                              Value     Ov Type        Size  Object(Section)

    BuildAttributes$$THM_ISAv4$P$D$K$B$S$PE$A:L22UL41UL21$X:L11$S22US41US21$IEEE1$IW$USESV6$~STKCKD$USESV7$~SHL$OSPACE$ROPI$EBA8$UX$STANDARDLIB$REQ8$PRES8$EABIv2 0x00000000   Number         0  anon$$obj.o ABSOLUTE
    __ARM_use_no_argv                        0x00000000   Number         0  main.o ABSOLUTE
    __ARM_exceptions_init                     - Undefined Weak Reference
    __alloca_initialize                       - Undefined Weak Reference
    __arm_preinit_                            - Undefined Weak Reference
    __cpp_initialize__aeabi_                  - Undefined Weak Reference
    __cxa_finalize                            - Undefined Weak Reference
    __rt_locale                               - Undefined Weak Reference
    __sigvec_lookup                           - Undefined Weak Reference
    _atexit_init                              - Undefined Weak Reference
    _call_atexit_fns                          - Undefined Weak Reference
    _clock_init                               - Undefined Weak Reference
    _fp_trap_init                             - Undefined Weak Reference
    _fp_trap_shutdown                         - Undefined Weak Reference
    _get_lc_collate                           - Undefined Weak Reference
    _get_lc_ctype                             - Undefined Weak Reference
    _get_lc_monetary                          - Undefined Weak Reference
    _get_lc_numeric                           - Undefined Weak Reference
    _get_lc_time                              - Undefined Weak Reference
    _getenv_init                              - Undefined Weak Reference
    _handle_redirection                       - Undefined Weak Reference
    _init_alloc                               - Undefined Weak Reference
    _init_user_alloc                          - Undefined Weak Reference
    _initio                                   - Undefined Weak Reference
    _printf_post_padding                      - Undefined Weak Reference
    _printf_pre_padding                       - Undefined Weak Reference
    _printf_truncate_signed                   - Undefined Weak Reference
    _printf_truncate_unsigned                 - Undefined Weak Reference
    _rand_init                                - Undefined Weak Reference
    _signal_finish                            - Undefined Weak Reference
    _signal_init                              - Undefined Weak Reference
    _terminate_alloc                          - Undefined Weak Reference
    _terminate_user_alloc                     - Undefined Weak Reference
    _terminateio                              - Undefined Weak Reference
    __Vectors_Size                           0x000000ec   Number         0  startup_stm32f10x_md.o ABSOLUTE
    __Vectors                                0x08000000   Data           4  startup_stm32f10x_md.o(RESET)
    __Vectors_End                            0x080000ec   Data           0  startup_stm32f10x_md.o(RESET)
    __main                                   0x080000ed   Thumb Code     8  __main.o(!!!main)
    __scatterload                            0x080000f5   Thumb Code     0  __scatter.o(!!!scatter)
    __scatterload_rt2                        0x080000f5   Thumb Code    44  __scatter.o(!!!scatter)
    __scatterload_rt2_thumb_only             0x080000f5   Thumb Code     0  __scatter.o(!!!scatter)
    __scatterload_null                       0x08000103   Thumb Code     0  __scatter.o(!!!scatter)
    __scatterload_copy                       0x08000129   Thumb Code    26  __scatter_copy.o(!!handler_copy)
    __scatterload_zeroinit                   0x08000145   Thumb Code    28  __scatter_zi.o(!!handler_zi)
    _printf_d                                0x08000161   Thumb Code     0  _printf_d.o(.ARM.Collect$$_printf_percent$$00000009)
    _printf_percent                          0x08000161   Thumb Code     0  _printf_percent.o(.ARM.Collect$$_printf_percent$$00000000)
    _printf_percent_end                      0x08000167   Thumb Code     0  _printf_percent_end.o(.ARM.Collect$$_printf_percent$$00000017)
    __rt_lib_init                            0x0800016b   Thumb Code     0  libinit.o(.ARM.Collect$$libinit$$00000000)
    __rt_lib_init_alloca_1                   0x0800016d   Thumb Code     0  libinit2.o(.ARM.Collect$$libinit$$0000002E)
    __rt_lib_init_argv_1                     0x0800016d   Thumb Code     0  libinit2.o(.ARM.Collect$$libinit$$0000002C)
    __rt_lib_init_atexit_1                   0x0800016d   Thumb Code     0  libinit2.o(.ARM.Collect$$libinit$$0000001B)
    __rt_lib_init_clock_1                    0x0800016d   Thumb Code     0  libinit2.o(.ARM.Collect$$libinit$$00000021)
    __rt_lib_init_cpp_1                      0x0800016d   Thumb Code     0  libinit2.o(.ARM.Collect$$libinit$$00000032)
    __rt_lib_init_exceptions_1               0x0800016d   Thumb Code     0  libinit2.o(.ARM.Collect$$libinit$$00000030)
    __rt_lib_init_fp_1                       0x0800016d   Thumb Code     0  libinit2.o(.ARM.Collect$$libinit$$00000002)
    __rt_lib_init_fp_trap_1                  0x0800016d   Thumb Code     0  libinit2.o(.ARM.Collect$$libinit$$0000001F)
    __rt_lib_init_getenv_1                   0x0800016d   Thumb Code     0  libinit2.o(.ARM.Collect$$libinit$$00000023)
    __rt_lib_init_heap_1                     0x0800016d   Thumb Code     0  libinit2.o(.ARM.Collect$$libinit$$0000000A)
    __rt_lib_init_lc_collate_1               0x0800016d   Thumb Code     0  libinit2.o(.ARM.Collect$$libinit$$00000011)
    __rt_lib_init_lc_ctype_1                 0x0800016d   Thumb Code     0  libinit2.o(.ARM.Collect$$libinit$$00000013)
    __rt_lib_init_lc_monetary_1              0x0800016d   Thumb Code     0  libinit2.o(.ARM.Collect$$libinit$$00000015)
    __rt_lib_init_lc_numeric_1               0x0800016d   Thumb Code     0  libinit2.o(.ARM.Collect$$libinit$$00000017)
    __rt_lib_init_lc_time_1                  0x0800016d   Thumb Code     0  libinit2.o(.ARM.Collect$$libinit$$00000019)
    __rt_lib_init_preinit_1                  0x0800016d   Thumb Code     0  libinit2.o(.ARM.Collect$$libinit$$00000004)
    __rt_lib_init_rand_1                     0x0800016d   Thumb Code     0  libinit2.o(.ARM.Collect$$libinit$$0000000E)
    __rt_lib_init_return                     0x0800016d   Thumb Code     0  libinit2.o(.ARM.Collect$$libinit$$00000033)
    __rt_lib_init_signal_1                   0x0800016d   Thumb Code     0  libinit2.o(.ARM.Collect$$libinit$$0000001D)
    __rt_lib_init_stdio_1                    0x0800016d   Thumb Code     0  libinit2.o(.ARM.Collect$$libinit$$00000025)
    __rt_lib_init_user_alloc_1               0x0800016d   Thumb Code     0  libinit2.o(.ARM.Collect$$libinit$$0000000C)
    __rt_lib_shutdown                        0x0800016f   Thumb Code     0  libshutdown.o(.ARM.Collect$$libshutdown$$00000000)
    __rt_lib_shutdown_cpp_1                  0x08000171   Thumb Code     0  libshutdown2.o(.ARM.Collect$$libshutdown$$00000002)
    __rt_lib_shutdown_fp_trap_1              0x08000171   Thumb Code     0  libshutdown2.o(.ARM.Collect$$libshutdown$$00000007)
    __rt_lib_shutdown_heap_1                 0x08000171   Thumb Code     0  libshutdown2.o(.ARM.Collect$$libshutdown$$0000000F)
    __rt_lib_shutdown_return                 0x08000171   Thumb Code     0  libshutdown2.o(.ARM.Collect$$libshutdown$$00000010)
    __rt_lib_shutdown_signal_1               0x08000171   Thumb Code     0  libshutdown2.o(.ARM.Collect$$libshutdown$$0000000A)
    __rt_lib_shutdown_stdio_1                0x08000171   Thumb Code     0  libshutdown2.o(.ARM.Collect$$libshutdown$$00000004)
    __rt_lib_shutdown_user_alloc_1           0x08000171   Thumb Code     0  libshutdown2.o(.ARM.Collect$$libshutdown$$0000000C)
    __rt_entry                               0x08000173   Thumb Code     0  __rtentry.o(.ARM.Collect$$rtentry$$00000000)
    __rt_entry_presh_1                       0x08000173   Thumb Code     0  __rtentry2.o(.ARM.Collect$$rtentry$$00000002)
    __rt_entry_sh                            0x08000173   Thumb Code     0  __rtentry4.o(.ARM.Collect$$rtentry$$00000004)
    __rt_entry_li                            0x08000179   Thumb Code     0  __rtentry2.o(.ARM.Collect$$rtentry$$0000000A)
    __rt_entry_postsh_1                      0x08000179   Thumb Code     0  __rtentry2.o(.ARM.Collect$$rtentry$$00000009)
    __rt_entry_main                          0x0800017d   Thumb Code     0  __rtentry2.o(.ARM.Collect$$rtentry$$0000000D)
    __rt_entry_postli_1                      0x0800017d   Thumb Code     0  __rtentry2.o(.ARM.Collect$$rtentry$$0000000C)
    __rt_exit                                0x08000185   Thumb Code     0  rtexit.o(.ARM.Collect$$rtexit$$00000000)
    __rt_exit_ls                             0x08000187   Thumb Code     0  rtexit2.o(.ARM.Collect$$rtexit$$00000003)
    __rt_exit_prels_1                        0x08000187   Thumb Code     0  rtexit2.o(.ARM.Collect$$rtexit$$00000002)
    __rt_exit_exit                           0x0800018b   Thumb Code     0  rtexit2.o(.ARM.Collect$$rtexit$$00000004)
    Reset_Handler                            0x08000191   Thumb Code     8  startup_stm32f10x_md.o(.text)
    ADC1_2_IRQHandler                        0x080001ab   Thumb Code     0  startup_stm32f10x_md.o(.text)
    CAN1_RX1_IRQHandler                      0x080001ab   Thumb Code     0  startup_stm32f10x_md.o(.text)
    CAN1_SCE_IRQHandler                      0x080001ab   Thumb Code     0  startup_stm32f10x_md.o(.text)
    DMA1_Channel1_IRQHandler                 0x080001ab   Thumb Code     0  startup_stm32f10x_md.o(.text)
    DMA1_Channel2_IRQHandler                 0x080001ab   Thumb Code     0  startup_stm32f10x_md.o(.text)
    DMA1_Channel3_IRQHandler                 0x080001ab   Thumb Code     0  startup_stm32f10x_md.o(.text)
    DMA1_Channel4_IRQHandler                 0x080001ab   Thumb Code     0  startup_stm32f10x_md.o(.text)
    DMA1_Channel5_IRQHandler                 0x080001ab   Thumb Code     0  startup_stm32f10x_md.o(.text)
    DMA1_Channel6_IRQHandler                 0x080001ab   Thumb Code     0  startup_stm32f10x_md.o(.text)
    DMA1_Channel7_IRQHandler                 0x080001ab   Thumb Code     0  startup_stm32f10x_md.o(.text)
    EXTI0_IRQHandler                         0x080001ab   Thumb Code     0  startup_stm32f10x_md.o(.text)
    EXTI15_10_IRQHandler                     0x080001ab   Thumb Code     0  startup_stm32f10x_md.o(.text)
    EXTI1_IRQHandler                         0x080001ab   Thumb Code     0  startup_stm32f10x_md.o(.text)
    EXTI2_IRQHandler                         0x080001ab   Thumb Code     0  startup_stm32f10x_md.o(.text)
    EXTI3_IRQHandler                         0x080001ab   Thumb Code     0  startup_stm32f10x_md.o(.text)
    EXTI4_IRQHandler                         0x080001ab   Thumb Code     0  startup_stm32f10x_md.o(.text)
    EXTI9_5_IRQHandler                       0x080001ab   Thumb Code     0  startup_stm32f10x_md.o(.text)
    FLASH_IRQHandler                         0x080001ab   Thumb Code     0  startup_stm32f10x_md.o(.text)
    I2C1_ER_IRQHandler                       0x080001ab   Thumb Code     0  startup_stm32f10x_md.o(.text)
    I2C1_EV_IRQHandler                       0x080001ab   Thumb Code     0  startup_stm32f10x_md.o(.text)
    I2C2_ER_IRQHandler                       0x080001ab   Thumb Code     0  startup_stm32f10x_md.o(.text)
    I2C2_EV_IRQHandler                       0x080001ab   Thumb Code     0  startup_stm32f10x_md.o(.text)
    PVD_IRQHandler                           0x080001ab   Thumb Code     0  startup_stm32f10x_md.o(.text)
    RCC_IRQHandler                           0x080001ab   Thumb Code     0  startup_stm32f10x_md.o(.text)
    RTCAlarm_IRQHandler                      0x080001ab   Thumb Code     0  startup_stm32f10x_md.o(.text)
    RTC_IRQHandler                           0x080001ab   Thumb Code     0  startup_stm32f10x_md.o(.text)
    SPI1_IRQHandler                          0x080001ab   Thumb Code     0  startup_stm32f10x_md.o(.text)
    SPI2_IRQHandler                          0x080001ab   Thumb Code     0  startup_stm32f10x_md.o(.text)
    TAMPER_IRQHandler                        0x080001ab   Thumb Code     0  startup_stm32f10x_md.o(.text)
    TIM1_BRK_IRQHandler                      0x080001ab   Thumb Code     0  startup_stm32f10x_md.o(.text)
    TIM1_CC_IRQHandler                       0x080001ab   Thumb Code     0  startup_stm32f10x_md.o(.text)
    TIM1_TRG_COM_IRQHandler                  0x080001ab   Thumb Code     0  startup_stm32f10x_md.o(.text)
    TIM1_UP_IRQHandler                       0x080001ab   Thumb Code     0  startup_stm32f10x_md.o(.text)
    USART1_IRQHandler                        0x080001ab   Thumb Code     0  startup_stm32f10x_md.o(.text)
    USART3_IRQHandler                        0x080001ab   Thumb Code     0  startup_stm32f10x_md.o(.text)
    USBWakeUp_IRQHandler                     0x080001ab   Thumb Code     0  startup_stm32f10x_md.o(.text)
    USB_HP_CAN1_TX_IRQHandler                0x080001ab   Thumb Code     0  startup_stm32f10x_md.o(.text)
    USB_LP_CAN1_RX0_IRQHandler               0x080001ab   Thumb Code     0  startup_stm32f10x_md.o(.text)
    WWDG_IRQHandler                          0x080001ab   Thumb Code     0  startup_stm32f10x_md.o(.text)
    __user_initial_stackheap                 0x080001ad   Thumb Code     0  startup_stm32f10x_md.o(.text)
    SystemInit                               0x080002af   Thumb Code    78  system_stm32f10x.o(.text)
    SystemCoreClockUpdate                    0x080002fd   Thumb Code   142  system_stm32f10x.o(.text)
    GPIO_DeInit                              0x080003b1   Thumb Code   172  stm32f10x_gpio.o(.text)
    GPIO_AFIODeInit                          0x0800045d   Thumb Code    20  stm32f10x_gpio.o(.text)
    GPIO_Init                                0x08000471   Thumb Code   278  stm32f10x_gpio.o(.text)
    GPIO_StructInit                          0x08000587   Thumb Code    16  stm32f10x_gpio.o(.text)
    GPIO_ReadInputDataBit                    0x08000597   Thumb Code    18  stm32f10x_gpio.o(.text)
    GPIO_ReadInputData                       0x080005a9   Thumb Code     8  stm32f10x_gpio.o(.text)
    GPIO_ReadOutputDataBit                   0x080005b1   Thumb Code    18  stm32f10x_gpio.o(.text)
    GPIO_ReadOutputData                      0x080005c3   Thumb Code     8  stm32f10x_gpio.o(.text)
    GPIO_SetBits                             0x080005cb   Thumb Code     4  stm32f10x_gpio.o(.text)
    GPIO_ResetBits                           0x080005cf   Thumb Code     4  stm32f10x_gpio.o(.text)
    GPIO_WriteBit                            0x080005d3   Thumb Code    10  stm32f10x_gpio.o(.text)
    GPIO_Write                               0x080005dd   Thumb Code     4  stm32f10x_gpio.o(.text)
    GPIO_PinLockConfig                       0x080005e1   Thumb Code    18  stm32f10x_gpio.o(.text)
    GPIO_EventOutputConfig                   0x080005f3   Thumb Code    26  stm32f10x_gpio.o(.text)
    GPIO_EventOutputCmd                      0x0800060d   Thumb Code     6  stm32f10x_gpio.o(.text)
    GPIO_PinRemapConfig                      0x08000613   Thumb Code   138  stm32f10x_gpio.o(.text)
    GPIO_EXTILineConfig                      0x0800069d   Thumb Code    66  stm32f10x_gpio.o(.text)
    GPIO_ETH_MediaInterfaceConfig            0x080006df   Thumb Code     8  stm32f10x_gpio.o(.text)
    RCC_DeInit                               0x0800070d   Thumb Code    64  stm32f10x_rcc.o(.text)
    RCC_HSEConfig                            0x0800074d   Thumb Code    70  stm32f10x_rcc.o(.text)
    RCC_GetFlagStatus                        0x08000793   Thumb Code    56  stm32f10x_rcc.o(.text)
    RCC_WaitForHSEStartUp                    0x080007cb   Thumb Code    56  stm32f10x_rcc.o(.text)
    RCC_AdjustHSICalibrationValue            0x08000803   Thumb Code    20  stm32f10x_rcc.o(.text)
    RCC_HSICmd                               0x08000817   Thumb Code     6  stm32f10x_rcc.o(.text)
    RCC_PLLConfig                            0x0800081d   Thumb Code    24  stm32f10x_rcc.o(.text)
    RCC_PLLCmd                               0x08000835   Thumb Code     6  stm32f10x_rcc.o(.text)
    RCC_SYSCLKConfig                         0x0800083b   Thumb Code    18  stm32f10x_rcc.o(.text)
    RCC_GetSYSCLKSource                      0x0800084d   Thumb Code    10  stm32f10x_rcc.o(.text)
    RCC_HCLKConfig                           0x08000857   Thumb Code    18  stm32f10x_rcc.o(.text)
    RCC_PCLK1Config                          0x08000869   Thumb Code    18  stm32f10x_rcc.o(.text)
    RCC_PCLK2Config                          0x0800087b   Thumb Code    20  stm32f10x_rcc.o(.text)
    RCC_ITConfig                             0x0800088f   Thumb Code    26  stm32f10x_rcc.o(.text)
    RCC_USBCLKConfig                         0x080008a9   Thumb Code     8  stm32f10x_rcc.o(.text)
    RCC_ADCCLKConfig                         0x080008b1   Thumb Code    18  stm32f10x_rcc.o(.text)
    RCC_LSEConfig                            0x080008c3   Thumb Code    50  stm32f10x_rcc.o(.text)
    RCC_LSICmd                               0x080008f5   Thumb Code     6  stm32f10x_rcc.o(.text)
    RCC_RTCCLKConfig                         0x080008fb   Thumb Code    12  stm32f10x_rcc.o(.text)
    RCC_RTCCLKCmd                            0x08000907   Thumb Code     8  stm32f10x_rcc.o(.text)
    RCC_GetClocksFreq                        0x0800090f   Thumb Code   192  stm32f10x_rcc.o(.text)
    RCC_AHBPeriphClockCmd                    0x080009cf   Thumb Code    26  stm32f10x_rcc.o(.text)
    RCC_APB2PeriphClockCmd                   0x080009e9   Thumb Code    26  stm32f10x_rcc.o(.text)
    RCC_APB1PeriphClockCmd                   0x08000a03   Thumb Code    26  stm32f10x_rcc.o(.text)
    RCC_APB2PeriphResetCmd                   0x08000a1d   Thumb Code    26  stm32f10x_rcc.o(.text)
    RCC_APB1PeriphResetCmd                   0x08000a37   Thumb Code    26  stm32f10x_rcc.o(.text)
    RCC_BackupResetCmd                       0x08000a51   Thumb Code     8  stm32f10x_rcc.o(.text)
    RCC_ClockSecuritySystemCmd               0x08000a59   Thumb Code     6  stm32f10x_rcc.o(.text)
    RCC_MCOConfig                            0x08000a5f   Thumb Code     6  stm32f10x_rcc.o(.text)
    RCC_ClearFlag                            0x08000a65   Thumb Code    14  stm32f10x_rcc.o(.text)
    RCC_GetITStatus                          0x08000a73   Thumb Code    20  stm32f10x_rcc.o(.text)
    RCC_ClearITPendingBit                    0x08000a87   Thumb Code     6  stm32f10x_rcc.o(.text)
    NVIC_PriorityGroupConfig                 0x08000ab1   Thumb Code    10  misc.o(.text)
    NVIC_Init                                0x08000abb   Thumb Code   100  misc.o(.text)
    NVIC_SetVectorTable                      0x08000b1f   Thumb Code    14  misc.o(.text)
    NVIC_SystemLPConfig                      0x08000b2d   Thumb Code    34  misc.o(.text)
    SysTick_CLKSourceConfig                  0x08000b4f   Thumb Code    40  misc.o(.text)
    TIM_DeInit                               0x08000b8d   Thumb Code   424  stm32f10x_tim.o(.text)
    TIM_TimeBaseInit                         0x08000d35   Thumb Code   122  stm32f10x_tim.o(.text)
    TIM_OC1Init                              0x08000daf   Thumb Code   132  stm32f10x_tim.o(.text)
    TIM_OC2Init                              0x08000e33   Thumb Code   154  stm32f10x_tim.o(.text)
    TIM_OC3Init                              0x08000ecd   Thumb Code   150  stm32f10x_tim.o(.text)
    TIM_OC4Init                              0x08000f63   Thumb Code   182  stm32f10x_tim.o(.text)
    TIM_SetIC4Prescaler                      0x08001019   Thumb Code    26  stm32f10x_tim.o(.text)
    TIM_SetIC3Prescaler                      0x080010b5   Thumb Code    18  stm32f10x_tim.o(.text)
    TIM_SetIC2Prescaler                      0x08001141   Thumb Code    26  stm32f10x_tim.o(.text)
    TIM_SetIC1Prescaler                      0x080011dd   Thumb Code    18  stm32f10x_tim.o(.text)
    TIM_ICInit                               0x0800125b   Thumb Code   150  stm32f10x_tim.o(.text)
    TIM_PWMIConfig                           0x080012f1   Thumb Code   124  stm32f10x_tim.o(.text)
    TIM_BDTRConfig                           0x0800136d   Thumb Code    32  stm32f10x_tim.o(.text)
    TIM_TimeBaseStructInit                   0x0800138d   Thumb Code    18  stm32f10x_tim.o(.text)
    TIM_OCStructInit                         0x0800139f   Thumb Code    20  stm32f10x_tim.o(.text)
    TIM_ICStructInit                         0x080013b3   Thumb Code    18  stm32f10x_tim.o(.text)
    TIM_BDTRStructInit                       0x080013c5   Thumb Code    40  stm32f10x_tim.o(.text)
    TIM_Cmd                                  0x080013ed   Thumb Code    24  stm32f10x_tim.o(.text)
    TIM_CtrlPWMOutputs                       0x08001405   Thumb Code    30  stm32f10x_tim.o(.text)
    TIM_ITConfig                             0x08001423   Thumb Code    18  stm32f10x_tim.o(.text)
    TIM_GenerateEvent                        0x08001435   Thumb Code     4  stm32f10x_tim.o(.text)
    TIM_DMAConfig                            0x08001439   Thumb Code    10  stm32f10x_tim.o(.text)
    TIM_DMACmd                               0x08001443   Thumb Code    18  stm32f10x_tim.o(.text)
    TIM_InternalClockConfig                  0x08001455   Thumb Code    12  stm32f10x_tim.o(.text)
    TIM_SelectInputTrigger                   0x08001461   Thumb Code    18  stm32f10x_tim.o(.text)
    TIM_ITRxExternalClockConfig              0x08001473   Thumb Code    24  stm32f10x_tim.o(.text)
    TIM_TIxExternalClockConfig               0x0800148b   Thumb Code    62  stm32f10x_tim.o(.text)
    TIM_ETRConfig                            0x080014c9   Thumb Code    28  stm32f10x_tim.o(.text)
    TIM_ETRClockMode1Config                  0x080014e5   Thumb Code    54  stm32f10x_tim.o(.text)
    TIM_ETRClockMode2Config                  0x0800151b   Thumb Code    32  stm32f10x_tim.o(.text)
    TIM_PrescalerConfig                      0x0800153b   Thumb Code     6  stm32f10x_tim.o(.text)
    TIM_CounterModeConfig                    0x08001541   Thumb Code    18  stm32f10x_tim.o(.text)
    TIM_EncoderInterfaceConfig               0x08001553   Thumb Code    66  stm32f10x_tim.o(.text)
    TIM_ForcedOC1Config                      0x08001595   Thumb Code    18  stm32f10x_tim.o(.text)
    TIM_ForcedOC2Config                      0x080015a7   Thumb Code    26  stm32f10x_tim.o(.text)
    TIM_ForcedOC3Config                      0x080015c1   Thumb Code    18  stm32f10x_tim.o(.text)
    TIM_ForcedOC4Config                      0x080015d3   Thumb Code    26  stm32f10x_tim.o(.text)
    TIM_ARRPreloadConfig                     0x080015ed   Thumb Code    24  stm32f10x_tim.o(.text)
    TIM_SelectCOM                            0x08001605   Thumb Code    24  stm32f10x_tim.o(.text)
    TIM_SelectCCDMA                          0x0800161d   Thumb Code    24  stm32f10x_tim.o(.text)
    TIM_CCPreloadControl                     0x08001635   Thumb Code    24  stm32f10x_tim.o(.text)
    TIM_OC1PreloadConfig                     0x0800164d   Thumb Code    18  stm32f10x_tim.o(.text)
    TIM_OC2PreloadConfig                     0x0800165f   Thumb Code    26  stm32f10x_tim.o(.text)
    TIM_OC3PreloadConfig                     0x08001679   Thumb Code    18  stm32f10x_tim.o(.text)
    TIM_OC4PreloadConfig                     0x0800168b   Thumb Code    26  stm32f10x_tim.o(.text)
    TIM_OC1FastConfig                        0x080016a5   Thumb Code    18  stm32f10x_tim.o(.text)
    TIM_OC2FastConfig                        0x080016b7   Thumb Code    26  stm32f10x_tim.o(.text)
    TIM_OC3FastConfig                        0x080016d1   Thumb Code    18  stm32f10x_tim.o(.text)
    TIM_OC4FastConfig                        0x080016e3   Thumb Code    26  stm32f10x_tim.o(.text)
    TIM_ClearOC1Ref                          0x080016fd   Thumb Code    18  stm32f10x_tim.o(.text)
    TIM_ClearOC2Ref                          0x0800170f   Thumb Code    24  stm32f10x_tim.o(.text)
    TIM_ClearOC3Ref                          0x08001727   Thumb Code    18  stm32f10x_tim.o(.text)
    TIM_ClearOC4Ref                          0x08001739   Thumb Code    24  stm32f10x_tim.o(.text)
    TIM_OC1PolarityConfig                    0x08001751   Thumb Code    18  stm32f10x_tim.o(.text)
    TIM_OC1NPolarityConfig                   0x08001763   Thumb Code    18  stm32f10x_tim.o(.text)
    TIM_OC2PolarityConfig                    0x08001775   Thumb Code    26  stm32f10x_tim.o(.text)
    TIM_OC2NPolarityConfig                   0x0800178f   Thumb Code    26  stm32f10x_tim.o(.text)
    TIM_OC3PolarityConfig                    0x080017a9   Thumb Code    26  stm32f10x_tim.o(.text)
    TIM_OC3NPolarityConfig                   0x080017c3   Thumb Code    26  stm32f10x_tim.o(.text)
    TIM_OC4PolarityConfig                    0x080017dd   Thumb Code    26  stm32f10x_tim.o(.text)
    TIM_CCxCmd                               0x080017f7   Thumb Code    30  stm32f10x_tim.o(.text)
    TIM_CCxNCmd                              0x08001815   Thumb Code    30  stm32f10x_tim.o(.text)
    TIM_SelectOCxM                           0x08001833   Thumb Code    82  stm32f10x_tim.o(.text)
    TIM_UpdateDisableConfig                  0x08001885   Thumb Code    24  stm32f10x_tim.o(.text)
    TIM_UpdateRequestConfig                  0x0800189d   Thumb Code    24  stm32f10x_tim.o(.text)
    TIM_SelectHallSensor                     0x080018b5   Thumb Code    24  stm32f10x_tim.o(.text)
    TIM_SelectOnePulseMode                   0x080018cd   Thumb Code    18  stm32f10x_tim.o(.text)
    TIM_SelectOutputTrigger                  0x080018df   Thumb Code    18  stm32f10x_tim.o(.text)
    TIM_SelectSlaveMode                      0x080018f1   Thumb Code    18  stm32f10x_tim.o(.text)
    TIM_SelectMasterSlaveMode                0x08001903   Thumb Code    18  stm32f10x_tim.o(.text)
    TIM_SetCounter                           0x08001915   Thumb Code     4  stm32f10x_tim.o(.text)
    TIM_SetAutoreload                        0x08001919   Thumb Code     4  stm32f10x_tim.o(.text)
    TIM_SetCompare1                          0x0800191d   Thumb Code     4  stm32f10x_tim.o(.text)
    TIM_SetCompare2                          0x08001921   Thumb Code     4  stm32f10x_tim.o(.text)
    TIM_SetCompare3                          0x08001925   Thumb Code     4  stm32f10x_tim.o(.text)
    TIM_SetCompare4                          0x08001929   Thumb Code     6  stm32f10x_tim.o(.text)
    TIM_SetClockDivision                     0x0800192f   Thumb Code    18  stm32f10x_tim.o(.text)
    TIM_GetCapture1                          0x08001941   Thumb Code     6  stm32f10x_tim.o(.text)
    TIM_GetCapture2                          0x08001947   Thumb Code     6  stm32f10x_tim.o(.text)
    TIM_GetCapture3                          0x0800194d   Thumb Code     6  stm32f10x_tim.o(.text)
    TIM_GetCapture4                          0x08001953   Thumb Code     8  stm32f10x_tim.o(.text)
    TIM_GetCounter                           0x0800195b   Thumb Code     6  stm32f10x_tim.o(.text)
    TIM_GetPrescaler                         0x08001961   Thumb Code     6  stm32f10x_tim.o(.text)
    TIM_GetFlagStatus                        0x08001967   Thumb Code    18  stm32f10x_tim.o(.text)
    TIM_ClearFlag                            0x08001979   Thumb Code     6  stm32f10x_tim.o(.text)
    TIM_GetITStatus                          0x0800197f   Thumb Code    34  stm32f10x_tim.o(.text)
    TIM_ClearITPendingBit                    0x080019a1   Thumb Code     6  stm32f10x_tim.o(.text)
    USART_DeInit                             0x080019a9   Thumb Code   134  stm32f10x_usart.o(.text)
    USART_Init                               0x08001a2f   Thumb Code   210  stm32f10x_usart.o(.text)
    USART_StructInit                         0x08001b01   Thumb Code    24  stm32f10x_usart.o(.text)
    USART_ClockInit                          0x08001b19   Thumb Code    34  stm32f10x_usart.o(.text)
    USART_ClockStructInit                    0x08001b3b   Thumb Code    12  stm32f10x_usart.o(.text)
    USART_Cmd                                0x08001b47   Thumb Code    24  stm32f10x_usart.o(.text)
    USART_ITConfig                           0x08001b5f   Thumb Code    74  stm32f10x_usart.o(.text)
    USART_DMACmd                             0x08001ba9   Thumb Code    18  stm32f10x_usart.o(.text)
    USART_SetAddress                         0x08001bbb   Thumb Code    18  stm32f10x_usart.o(.text)
    USART_WakeUpConfig                       0x08001bcd   Thumb Code    18  stm32f10x_usart.o(.text)
    USART_ReceiverWakeUpCmd                  0x08001bdf   Thumb Code    24  stm32f10x_usart.o(.text)
    USART_LINBreakDetectLengthConfig         0x08001bf7   Thumb Code    18  stm32f10x_usart.o(.text)
    USART_LINCmd                             0x08001c09   Thumb Code    24  stm32f10x_usart.o(.text)
    USART_SendData                           0x08001c21   Thumb Code     8  stm32f10x_usart.o(.text)
    USART_ReceiveData                        0x08001c29   Thumb Code    10  stm32f10x_usart.o(.text)
    USART_SendBreak                          0x08001c33   Thumb Code    10  stm32f10x_usart.o(.text)
    USART_SetGuardTime                       0x08001c3d   Thumb Code    16  stm32f10x_usart.o(.text)
    USART_SetPrescaler                       0x08001c4d   Thumb Code    16  stm32f10x_usart.o(.text)
    USART_SmartCardCmd                       0x08001c5d   Thumb Code    24  stm32f10x_usart.o(.text)
    USART_SmartCardNACKCmd                   0x08001c75   Thumb Code    24  stm32f10x_usart.o(.text)
    USART_HalfDuplexCmd                      0x08001c8d   Thumb Code    24  stm32f10x_usart.o(.text)
    USART_OverSampling8Cmd                   0x08001ca5   Thumb Code    22  stm32f10x_usart.o(.text)
    USART_OneBitMethodCmd                    0x08001cbb   Thumb Code    24  stm32f10x_usart.o(.text)
    USART_IrDAConfig                         0x08001cd3   Thumb Code    18  stm32f10x_usart.o(.text)
    USART_IrDACmd                            0x08001ce5   Thumb Code    24  stm32f10x_usart.o(.text)
    USART_GetFlagStatus                      0x08001cfd   Thumb Code    26  stm32f10x_usart.o(.text)
    USART_ClearFlag                          0x08001d17   Thumb Code    18  stm32f10x_usart.o(.text)
    USART_GetITStatus                        0x08001d29   Thumb Code    84  stm32f10x_usart.o(.text)
    USART_ClearITPendingBit                  0x08001d7d   Thumb Code    52  stm32f10x_usart.o(.text)
    Delay_LCD                                0x08001db1   Thumb Code    30  lcd.o(.text)
    LCD_WriteReg                             0x08001dcf   Thumb Code    68  lcd.o(.text)
    REG_8230_Init                            0x08001e13   Thumb Code   288  lcd.o(.text)
    REG_932X_Init                            0x08001f33   Thumb Code   514  lcd.o(.text)
    LCD_BusOut                               0x08002135   Thumb Code    32  lcd.o(.text)
    LCD_BusIn                                0x08002155   Thumb Code    32  lcd.o(.text)
    LCD_ReadReg                              0x08002175   Thumb Code    92  lcd.o(.text)
    LCD_CtrlLinesConfig                      0x080021d1   Thumb Code    68  lcd.o(.text)
    STM3210B_LCD_Init                        0x08002215   Thumb Code    50  lcd.o(.text)
    LCD_SetTextColor                         0x08002247   Thumb Code    12  lcd.o(.text)
    LCD_SetBackColor                         0x08002253   Thumb Code    12  lcd.o(.text)
    LCD_SetCursor                            0x0800225f   Thumb Code    24  lcd.o(.text)
    LCD_WriteRAM                             0x08002277   Thumb Code    54  lcd.o(.text)
    LCD_WriteRAM_Prepare                     0x080022ad   Thumb Code    58  lcd.o(.text)
    LCD_DrawChar                             0x080022e7   Thumb Code   100  lcd.o(.text)
    LCD_DisplayChar                          0x0800234b   Thumb Code    34  lcd.o(.text)
    LCD_DisplayStringLine                    0x0800236d   Thumb Code    44  lcd.o(.text)
    LCD_ClearLine                            0x08002399   Thumb Code    14  lcd.o(.text)
    LCD_Clear                                0x080023a7   Thumb Code    38  lcd.o(.text)
    LCD_SetDisplayWindow                     0x080023cd   Thumb Code    88  lcd.o(.text)
    LCD_WindowModeDisable                    0x08002425   Thumb Code    28  lcd.o(.text)
    LCD_DrawLine                             0x08002441   Thumb Code    86  lcd.o(.text)
    LCD_DrawRect                             0x08002497   Thumb Code    66  lcd.o(.text)
    LCD_DrawCircle                           0x080024d9   Thumb Code   300  lcd.o(.text)
    LCD_DrawMonoPict                         0x08002605   Thumb Code    76  lcd.o(.text)
    LCD_WriteBMP                             0x08002651   Thumb Code    74  lcd.o(.text)
    LCD_ReadRAM                              0x0800269b   Thumb Code    82  lcd.o(.text)
    LCD_PowerOn                              0x080026ed   Thumb Code   118  lcd.o(.text)
    LCD_DisplayOn                            0x08002763   Thumb Code    14  lcd.o(.text)
    LCD_DisplayOff                           0x08002771   Thumb Code    12  lcd.o(.text)
    LCD_DrawPicture                          0x0800277d   Thumb Code    48  lcd.o(.text)
    Delay_Ms                                 0x080027bd   Thumb Code    16  main.o(.text)
    key_scan                                 0x080027cd   Thumb Code   194  main.o(.text)
    lcd_proc                                 0x0800288f   Thumb Code   144  main.o(.text)
    led_proc                                 0x0800291f   Thumb Code    78  main.o(.text)
    check                                    0x0800296d   Thumb Code   128  main.o(.text)
    eeprom_proc                              0x080029ed   Thumb Code    76  main.o(.text)
    pwm_enable                               0x08002a39   Thumb Code    64  main.o(.text)
    usart_proc                               0x08002a79   Thumb Code   228  main.o(.text)
    pwm_proc                                 0x08002b5d   Thumb Code   322  main.o(.text)
    main                                     0x08002c9f   Thumb Code   172  main.o(.text)
    TIM4_IRQHandler                          0x08002d4b   Thumb Code   112  main.o(.text)
    NMI_Handler                              0x08002df9   Thumb Code     2  stm32f10x_it.o(.text)
    HardFault_Handler                        0x08002dfb   Thumb Code     4  stm32f10x_it.o(.text)
    MemManage_Handler                        0x08002dff   Thumb Code     4  stm32f10x_it.o(.text)
    BusFault_Handler                         0x08002e03   Thumb Code     4  stm32f10x_it.o(.text)
    UsageFault_Handler                       0x08002e07   Thumb Code     4  stm32f10x_it.o(.text)
    DebugMon_Handler                         0x08002e0b   Thumb Code     2  stm32f10x_it.o(.text)
    SVC_Handler                              0x08002e0d   Thumb Code     2  stm32f10x_it.o(.text)
    PendSV_Handler                           0x08002e0f   Thumb Code     2  stm32f10x_it.o(.text)
    SysTick_Handler                          0x08002e11   Thumb Code    12  stm32f10x_it.o(.text)
    SDA_Input_Mode                           0x08002e21   Thumb Code    30  i2c.o(.text)
    SDA_Output_Mode                          0x08002e3f   Thumb Code    30  i2c.o(.text)
    SDA_Output                               0x08002e5d   Thumb Code    26  i2c.o(.text)
    SCL_Output                               0x08002e77   Thumb Code    26  i2c.o(.text)
    SDA_Input                                0x08002e91   Thumb Code    12  i2c.o(.text)
    delay1                                   0x08002e9d   Thumb Code    12  i2c.o(.text)
    I2CStart                                 0x08002ea9   Thumb Code    60  i2c.o(.text)
    I2CStop                                  0x08002ee5   Thumb Code    60  i2c.o(.text)
    I2CWaitAck                               0x08002f21   Thumb Code    88  i2c.o(.text)
    I2CSendAck                               0x08002f79   Thumb Code    54  i2c.o(.text)
    I2CSendNotAck                            0x08002faf   Thumb Code    46  i2c.o(.text)
    I2CSendByte                              0x08002fdd   Thumb Code    88  i2c.o(.text)
    I2CReceiveByte                           0x08003035   Thumb Code    88  i2c.o(.text)
    i2c_init                                 0x0800308d   Thumb Code    38  i2c.o(.text)
    eeprom_write                             0x080030b3   Thumb Code    46  i2c.o(.text)
    eeprom_read                              0x080030e1   Thumb Code    60  i2c.o(.text)
    key_init                                 0x08003121   Thumb Code    48  key.o(.text)
    key_refresh                              0x08003151   Thumb Code    98  key.o(.text)
    led_init                                 0x080031c9   Thumb Code    92  led.o(.text)
    led_ctrl                                 0x08003225   Thumb Code    54  led.o(.text)
    led_toggle                               0x0800325b   Thumb Code    38  led.o(.text)
    TIM_RCC_Configuration                    0x08003289   Thumb Code    12  tim.o(.text)
    TIM_NVIC_Configuration                   0x08003295   Thumb Code    32  tim.o(.text)
    tim_init                                 0x080032b5   Thumb Code    86  tim.o(.text)
    USART_RCC_Configuration                  0x08003319   Thumb Code    20  usart.o(.text)
    USART_GPIO_Configuration                 0x0800332d   Thumb Code    24  usart.o(.text)
    USART_NVIC_Configuration                 0x08003345   Thumb Code    36  usart.o(.text)
    usart_init                               0x08003369   Thumb Code    74  usart.o(.text)
    USART2_IRQHandler                        0x080033b3   Thumb Code   114  usart.o(.text)
    INPUT_Capture_RCC_Configuration          0x0800343d   Thumb Code    20  input_capture.o(.text)
    INPUT_Capture_GPIO_Configuration         0x08003451   Thumb Code    30  input_capture.o(.text)
    INPUT_Capture_NVIC_Configuration         0x0800346f   Thumb Code    32  input_capture.o(.text)
    input_capture_init                       0x0800348f   Thumb Code    96  input_capture.o(.text)
    TIM2_IRQHandler                          0x080034ef   Thumb Code   284  input_capture.o(.text)
    PWM_RCC_Configuration                    0x0800363d   Thumb Code    20  pwm.o(.text)
    PWM_GPIO_Configuration                   0x08003651   Thumb Code    30  pwm.o(.text)
    PWM_NVIC_Configuration                   0x0800366f   Thumb Code    32  pwm.o(.text)
    pwm_init                                 0x0800368f   Thumb Code   156  pwm.o(.text)
    TIM3_IRQHandler                          0x0800372b   Thumb Code    84  pwm.o(.text)
    __2sprintf                               0x08003799   Thumb Code    34  noretval__2sprintf.o(.text)
    __printf                                 0x080037c1   Thumb Code   104  __printf.o(.text)
    _printf_int_dec                          0x08003829   Thumb Code   104  _printf_dec.o(.text)
    __aeabi_memclr                           0x080038a1   Thumb Code     0  rt_memclr.o(.text)
    __rt_memclr                              0x080038a1   Thumb Code    68  rt_memclr.o(.text)
    _memset                                  0x080038a5   Thumb Code     0  rt_memclr.o(.text)
    __use_two_region_memory                  0x080038e5   Thumb Code     2  heapauxi.o(.text)
    __rt_heap_escrow$2region                 0x080038e7   Thumb Code     2  heapauxi.o(.text)
    __rt_heap_expand$2region                 0x080038e9   Thumb Code     2  heapauxi.o(.text)
    _printf_int_common                       0x080038eb   Thumb Code   178  _printf_intcommon.o(.text)
    _printf_char_common                      0x080039a7   Thumb Code    32  _printf_char_common.o(.text)
    _sputc                                   0x080039cd   Thumb Code    10  _sputc.o(.text)
    __aeabi_memclr4                          0x080039d7   Thumb Code     0  rt_memclr_w.o(.text)
    __aeabi_memclr8                          0x080039d7   Thumb Code     0  rt_memclr_w.o(.text)
    __rt_memclr_w                            0x080039d7   Thumb Code    78  rt_memclr_w.o(.text)
    _memset_w                                0x080039db   Thumb Code     0  rt_memclr_w.o(.text)
    __user_setup_stackheap                   0x08003a25   Thumb Code    74  sys_stackheap_outer.o(.text)
    exit                                     0x08003a6f   Thumb Code    18  exit.o(.text)
    __user_libspace                          0x08003a81   Thumb Code     8  libspace.o(.text)
    __user_perproc_libspace                  0x08003a81   Thumb Code     0  libspace.o(.text)
    __user_perthread_libspace                0x08003a81   Thumb Code     0  libspace.o(.text)
    _sys_exit                                0x08003a89   Thumb Code     8  sys_exit.o(.text)
    __I$use$semihosting                      0x08003a95   Thumb Code     0  use_no_semi.o(.text)
    __use_no_semihosting_swi                 0x08003a95   Thumb Code     2  use_no_semi.o(.text)
    ASCII_Table                              0x08003a96   Data        4560  lcd.o(.constdata)
    __semihosting_library_function           0x08003a97   Thumb Code     0  indicate_semi.o(.text)
    Region$$Table$$Base                      0x08004c68   Number         0  anon$$obj.o(Region$$Table)
    Region$$Table$$Limit                     0x08004c88   Number         0  anon$$obj.o(Region$$Table)
    SystemCoreClock                          0x20000000   Data           4  system_stm32f10x.o(.data)
    AHBPrescTable                            0x20000004   Data          16  system_stm32f10x.o(.data)
    dummy                                    0x2000002c   Data           2  lcd.o(.data)
    TimingDelay                              0x20000030   Data           4  main.o(.data)
    key_cnt                                  0x20000034   Data           1  main.o(.data)
    led_flag                                 0x20000035   Data           1  main.o(.data)
    led_cnt                                  0x20000036   Data           2  main.o(.data)
    N1                                       0x20000038   Data           1  main.o(.data)
    N2                                       0x20000039   Data           1  main.o(.data)
    current_ch                               0x2000003a   Data           1  main.o(.data)
    mode                                     0x2000003b   Data           1  main.o(.data)
    My_ID                                    0x2000003c   Data           8  main.o(.data)
    key_state                                0x20000046   Data           1  key.o(.data)
    key_falling                              0x20000047   Data           1  key.o(.data)
    key_rising                               0x20000048   Data           1  key.o(.data)
    RxNumOfReceived                          0x20000049   Data           1  usart.o(.data)
    RxCnt                                    0x2000004a   Data           1  usart.o(.data)
    RxFlag                                   0x2000004b   Data           1  usart.o(.data)
    RxIdleFlag                               0x2000004c   Data           1  usart.o(.data)
    ch                                       0x2000004d   Data           4  usart.o(.data)
    IC2ReadValue1                            0x20000054   Data           2  input_capture.o(.data)
    IC2ReadValue2                            0x20000056   Data           2  input_capture.o(.data)
    IC2_CaptureNumber                        0x20000058   Data           2  input_capture.o(.data)
    IC2_Capture                              0x2000005c   Data           4  input_capture.o(.data)
    IC2_TIM2Freq                             0x20000060   Data           4  input_capture.o(.data)
    IC3ReadValue1                            0x20000064   Data           2  input_capture.o(.data)
    IC3ReadValue2                            0x20000066   Data           2  input_capture.o(.data)
    IC3_CaptureNumber                        0x20000068   Data           2  input_capture.o(.data)
    IC3_Capture                              0x2000006c   Data           4  input_capture.o(.data)
    IC3_TIM2Freq                             0x20000070   Data           4  input_capture.o(.data)
    CCR1_Val                                 0x20000074   Data           2  pwm.o(.data)
    CCR2_Val                                 0x20000076   Data           2  pwm.o(.data)
    lcd_str                                  0x20000078   Data          20  main.o(.bss)
    Buffer                                   0x2000008c   Data          20  usart.o(.bss)
    __libspace_start                         0x200000a0   Data          96  libspace.o(.bss)
    __temporary_stack_top$libspace           0x20000100   Data           0  libspace.o(.bss)



==============================================================================

Memory Map of the image

  Image Entry point : 0x080000ed

  Load Region LR_IROM1 (Base: 0x08000000, Size: 0x00004d00, Max: 0x00020000, ABSOLUTE)

    Execution Region ER_IROM1 (Base: 0x08000000, Size: 0x00004c88, Max: 0x00020000, ABSOLUTE)

    Base Addr    Size         Type   Attr      Idx    E Section Name        Object

    0x08000000   0x000000ec   Data   RO            3    RESET               startup_stm32f10x_md.o
    0x080000ec   0x00000008   Code   RO          556  * !!!main             c_w.l(__main.o)
    0x080000f4   0x00000034   Code   RO          724    !!!scatter          c_w.l(__scatter.o)
    0x08000128   0x0000001a   Code   RO          726    !!handler_copy      c_w.l(__scatter_copy.o)
    0x08000142   0x00000002   PAD
    0x08000144   0x0000001c   Code   RO          728    !!handler_zi        c_w.l(__scatter_zi.o)
    0x08000160   0x00000000   Code   RO          551    .ARM.Collect$$_printf_percent$$00000000  c_w.l(_printf_percent.o)
    0x08000160   0x00000006   Code   RO          550    .ARM.Collect$$_printf_percent$$00000009  c_w.l(_printf_d.o)
    0x08000166   0x00000004   Code   RO          565    .ARM.Collect$$_printf_percent$$00000017  c_w.l(_printf_percent_end.o)
    0x0800016a   0x00000002   Code   RO          594    .ARM.Collect$$libinit$$00000000  c_w.l(libinit.o)
    0x0800016c   0x00000000   Code   RO          601    .ARM.Collect$$libinit$$00000002  c_w.l(libinit2.o)
    0x0800016c   0x00000000   Code   RO          603    .ARM.Collect$$libinit$$00000004  c_w.l(libinit2.o)
    0x0800016c   0x00000000   Code   RO          606    .ARM.Collect$$libinit$$0000000A  c_w.l(libinit2.o)
    0x0800016c   0x00000000   Code   RO          608    .ARM.Collect$$libinit$$0000000C  c_w.l(libinit2.o)
    0x0800016c   0x00000000   Code   RO          610    .ARM.Collect$$libinit$$0000000E  c_w.l(libinit2.o)
    0x0800016c   0x00000000   Code   RO          613    .ARM.Collect$$libinit$$00000011  c_w.l(libinit2.o)
    0x0800016c   0x00000000   Code   RO          615    .ARM.Collect$$libinit$$00000013  c_w.l(libinit2.o)
    0x0800016c   0x00000000   Code   RO          617    .ARM.Collect$$libinit$$00000015  c_w.l(libinit2.o)
    0x0800016c   0x00000000   Code   RO          619    .ARM.Collect$$libinit$$00000017  c_w.l(libinit2.o)
    0x0800016c   0x00000000   Code   RO          621    .ARM.Collect$$libinit$$00000019  c_w.l(libinit2.o)
    0x0800016c   0x00000000   Code   RO          623    .ARM.Collect$$libinit$$0000001B  c_w.l(libinit2.o)
    0x0800016c   0x00000000   Code   RO          625    .ARM.Collect$$libinit$$0000001D  c_w.l(libinit2.o)
    0x0800016c   0x00000000   Code   RO          627    .ARM.Collect$$libinit$$0000001F  c_w.l(libinit2.o)
    0x0800016c   0x00000000   Code   RO          629    .ARM.Collect$$libinit$$00000021  c_w.l(libinit2.o)
    0x0800016c   0x00000000   Code   RO          631    .ARM.Collect$$libinit$$00000023  c_w.l(libinit2.o)
    0x0800016c   0x00000000   Code   RO          633    .ARM.Collect$$libinit$$00000025  c_w.l(libinit2.o)
    0x0800016c   0x00000000   Code   RO          637    .ARM.Collect$$libinit$$0000002C  c_w.l(libinit2.o)
    0x0800016c   0x00000000   Code   RO          639    .ARM.Collect$$libinit$$0000002E  c_w.l(libinit2.o)
    0x0800016c   0x00000000   Code   RO          641    .ARM.Collect$$libinit$$00000030  c_w.l(libinit2.o)
    0x0800016c   0x00000000   Code   RO          643    .ARM.Collect$$libinit$$00000032  c_w.l(libinit2.o)
    0x0800016c   0x00000002   Code   RO          644    .ARM.Collect$$libinit$$00000033  c_w.l(libinit2.o)
    0x0800016e   0x00000002   Code   RO          664    .ARM.Collect$$libshutdown$$00000000  c_w.l(libshutdown.o)
    0x08000170   0x00000000   Code   RO          677    .ARM.Collect$$libshutdown$$00000002  c_w.l(libshutdown2.o)
    0x08000170   0x00000000   Code   RO          679    .ARM.Collect$$libshutdown$$00000004  c_w.l(libshutdown2.o)
    0x08000170   0x00000000   Code   RO          682    .ARM.Collect$$libshutdown$$00000007  c_w.l(libshutdown2.o)
    0x08000170   0x00000000   Code   RO          685    .ARM.Collect$$libshutdown$$0000000A  c_w.l(libshutdown2.o)
    0x08000170   0x00000000   Code   RO          687    .ARM.Collect$$libshutdown$$0000000C  c_w.l(libshutdown2.o)
    0x08000170   0x00000000   Code   RO          690    .ARM.Collect$$libshutdown$$0000000F  c_w.l(libshutdown2.o)
    0x08000170   0x00000002   Code   RO          691    .ARM.Collect$$libshutdown$$00000010  c_w.l(libshutdown2.o)
    0x08000172   0x00000000   Code   RO          558    .ARM.Collect$$rtentry$$00000000  c_w.l(__rtentry.o)
    0x08000172   0x00000000   Code   RO          569    .ARM.Collect$$rtentry$$00000002  c_w.l(__rtentry2.o)
    0x08000172   0x00000006   Code   RO          581    .ARM.Collect$$rtentry$$00000004  c_w.l(__rtentry4.o)
    0x08000178   0x00000000   Code   RO          571    .ARM.Collect$$rtentry$$00000009  c_w.l(__rtentry2.o)
    0x08000178   0x00000004   Code   RO          572    .ARM.Collect$$rtentry$$0000000A  c_w.l(__rtentry2.o)
    0x0800017c   0x00000000   Code   RO          574    .ARM.Collect$$rtentry$$0000000C  c_w.l(__rtentry2.o)
    0x0800017c   0x00000008   Code   RO          575    .ARM.Collect$$rtentry$$0000000D  c_w.l(__rtentry2.o)
    0x08000184   0x00000002   Code   RO          598    .ARM.Collect$$rtexit$$00000000  c_w.l(rtexit.o)
    0x08000186   0x00000000   Code   RO          646    .ARM.Collect$$rtexit$$00000002  c_w.l(rtexit2.o)
    0x08000186   0x00000004   Code   RO          647    .ARM.Collect$$rtexit$$00000003  c_w.l(rtexit2.o)
    0x0800018a   0x00000006   Code   RO          648    .ARM.Collect$$rtexit$$00000004  c_w.l(rtexit2.o)
    0x08000190   0x00000040   Code   RO            4    .text               startup_stm32f10x_md.o
    0x080001d0   0x000001e0   Code   RO           26    .text               system_stm32f10x.o
    0x080003b0   0x0000035c   Code   RO          137    .text               stm32f10x_gpio.o
    0x0800070c   0x000003a4   Code   RO          161    .text               stm32f10x_rcc.o
    0x08000ab0   0x000000dc   Code   RO          183    .text               misc.o
    0x08000b8c   0x00000e1a   Code   RO          203    .text               stm32f10x_tim.o
    0x080019a6   0x00000002   PAD
    0x080019a8   0x00000408   Code   RO          223    .text               stm32f10x_usart.o
    0x08001db0   0x00000a0c   Code   RO          243    .text               lcd.o
    0x080027bc   0x0000063c   Code   RO          273    .text               main.o
    0x08002df8   0x00000028   Code   RO          333    .text               stm32f10x_it.o
    0x08002e20   0x00000300   Code   RO          357    .text               i2c.o
    0x08003120   0x000000a8   Code   RO          377    .text               key.o
    0x080031c8   0x000000c0   Code   RO          403    .text               led.o
    0x08003288   0x00000090   Code   RO          423    .text               tim.o
    0x08003318   0x00000124   Code   RO          443    .text               usart.o
    0x0800343c   0x00000200   Code   RO          470    .text               input_capture.o
    0x0800363c   0x0000015c   Code   RO          496    .text               pwm.o
    0x08003798   0x00000028   Code   RO          524    .text               c_w.l(noretval__2sprintf.o)
    0x080037c0   0x00000068   Code   RO          526    .text               c_w.l(__printf.o)
    0x08003828   0x00000078   Code   RO          528    .text               c_w.l(_printf_dec.o)
    0x080038a0   0x00000044   Code   RO          552    .text               c_w.l(rt_memclr.o)
    0x080038e4   0x00000006   Code   RO          554    .text               c_w.l(heapauxi.o)
    0x080038ea   0x000000b2   Code   RO          559    .text               c_w.l(_printf_intcommon.o)
    0x0800399c   0x00000030   Code   RO          561    .text               c_w.l(_printf_char_common.o)
    0x080039cc   0x0000000a   Code   RO          563    .text               c_w.l(_sputc.o)
    0x080039d6   0x0000004e   Code   RO          566    .text               c_w.l(rt_memclr_w.o)
    0x08003a24   0x0000004a   Code   RO          585    .text               c_w.l(sys_stackheap_outer.o)
    0x08003a6e   0x00000012   Code   RO          587    .text               c_w.l(exit.o)
    0x08003a80   0x00000008   Code   RO          595    .text               c_w.l(libspace.o)
    0x08003a88   0x0000000c   Code   RO          656    .text               c_w.l(sys_exit.o)
    0x08003a94   0x00000002   Code   RO          667    .text               c_w.l(use_no_semi.o)
    0x08003a96   0x00000000   Code   RO          669    .text               c_w.l(indicate_semi.o)
    0x08003a96   0x000011d0   Data   RO          244    .constdata          lcd.o
    0x08004c66   0x00000002   PAD
    0x08004c68   0x00000020   Data   RO          722    Region$$Table       anon$$obj.o


    Execution Region RW_IRAM1 (Base: 0x20000000, Size: 0x00000700, Max: 0x00005000, ABSOLUTE)

    Base Addr    Size         Type   Attr      Idx    E Section Name        Object

    0x20000000   0x00000014   Data   RW           27    .data               system_stm32f10x.o
    0x20000014   0x00000014   Data   RW          162    .data               stm32f10x_rcc.o
    0x20000028   0x00000006   Data   RW          245    .data               lcd.o
    0x2000002e   0x00000002   PAD
    0x20000030   0x00000016   Data   RW          275    .data               main.o
    0x20000046   0x00000003   Data   RW          378    .data               key.o
    0x20000049   0x00000008   Data   RW          445    .data               usart.o
    0x20000051   0x00000003   PAD
    0x20000054   0x00000020   Data   RW          471    .data               input_capture.o
    0x20000074   0x00000004   Data   RW          497    .data               pwm.o
    0x20000078   0x00000014   Zero   RW          274    .bss                main.o
    0x2000008c   0x00000014   Zero   RW          444    .bss                usart.o
    0x200000a0   0x00000060   Zero   RW          596    .bss                c_w.l(libspace.o)
    0x20000100   0x00000200   Zero   RW            2    HEAP                startup_stm32f10x_md.o
    0x20000300   0x00000400   Zero   RW            1    STACK               startup_stm32f10x_md.o


==============================================================================

Image component sizes


      Code (inc. data)   RO Data    RW Data    ZI Data      Debug   Object Name

         0          0          0          0          0       4508   core_cm3.o
       768          4          0          0          0       3330   i2c.o
       512         50          0         32          0       2311   input_capture.o
       168         22          0          3          0        938   key.o
      2572         74       4560          6          0       8732   lcd.o
       192          8          0          0          0        855   led.o
      1596        246          0         22         20      26054   main.o
       220         22          0          0          0       1921   misc.o
       348         26          0          4          0       1855   pwm.o
        64         26        236          0       1536        948   startup_stm32f10x_md.o
       860         38          0          0          0       5857   stm32f10x_gpio.o
        40          4          0          0          0       1274   stm32f10x_it.o
       932         36          0         20          0       9068   stm32f10x_rcc.o
      3610         88          0          0          0      22968   stm32f10x_tim.o
      1032         22          0          0          0       8580   stm32f10x_usart.o
       480         38          0         20          0     249567   system_stm32f10x.o
       144         14          0          0          0        844   tim.o
       292         24          0          8         20       1909   usart.o

    ----------------------------------------------------------------------
     13832        742       4830        120       1576     351519   Object Totals
         0          0         32          0          0          0   (incl. Generated)
         2          0          2          5          0          0   (incl. Padding)

    ----------------------------------------------------------------------

      Code (inc. data)   RO Data    RW Data    ZI Data      Debug   Library Member Name

         8          0          0          0          0         68   __main.o
       104          0          0          0          0         84   __printf.o
         0          0          0          0          0          0   __rtentry.o
        12          0          0          0          0          0   __rtentry2.o
         6          0          0          0          0          0   __rtentry4.o
        52          8          0          0          0          0   __scatter.o
        26          0          0          0          0          0   __scatter_copy.o
        28          0          0          0          0          0   __scatter_zi.o
        48          6          0          0          0         96   _printf_char_common.o
         6          0          0          0          0          0   _printf_d.o
       120         16          0          0          0         92   _printf_dec.o
       178          0          0          0          0         88   _printf_intcommon.o
         0          0          0          0          0          0   _printf_percent.o
         4          0          0          0          0          0   _printf_percent_end.o
        10          0          0          0          0         68   _sputc.o
        18          0          0          0          0         80   exit.o
         6          0          0          0          0        152   heapauxi.o
         0          0          0          0          0          0   indicate_semi.o
         2          0          0          0          0          0   libinit.o
         2          0          0          0          0          0   libinit2.o
         2          0          0          0          0          0   libshutdown.o
         2          0          0          0          0          0   libshutdown2.o
         8          4          0          0         96         68   libspace.o
        40          6          0          0          0         84   noretval__2sprintf.o
        68          0          0          0          0         68   rt_memclr.o
        78          0          0          0          0         80   rt_memclr_w.o
         2          0          0          0          0          0   rtexit.o
        10          0          0          0          0          0   rtexit2.o
        12          4          0          0          0         68   sys_exit.o
        74          0          0          0          0         80   sys_stackheap_outer.o
         2          0          0          0          0         68   use_no_semi.o

    ----------------------------------------------------------------------
       930         44          0          0         96       1244   Library Totals
         2          0          0          0          0          0   (incl. Padding)

    ----------------------------------------------------------------------

      Code (inc. data)   RO Data    RW Data    ZI Data      Debug   Library Name

       928         44          0          0         96       1244   c_w.l

    ----------------------------------------------------------------------
       930         44          0          0         96       1244   Library Totals

    ----------------------------------------------------------------------

==============================================================================


      Code (inc. data)   RO Data    RW Data    ZI Data      Debug   

     14762        786       4830        120       1672     350835   Grand Totals
     14762        786       4830        120       1672     350835   ELF Image Totals
     14762        786       4830        120          0          0   ROM Totals

==============================================================================

    Total RO  Size (Code + RO Data)                19592 (  19.13kB)
    Total RW  Size (RW Data + ZI Data)              1792 (   1.75kB)
    Total ROM Size (Code + RO Data + RW Data)      19712 (  19.25kB)

==============================================================================

