<html>
<body>
<pre>
<h1>礦ision Build Log</h1>
<h2>Project:</h2>
C:\蓝桥杯视频录制\蓝桥杯嵌入式提高篇\3.国一比赛模板介绍及使用方法\【比赛模板】3.11.3 串口接收带帧尾的不定长数据\CT117E-LCD\Project\CT117E-LCD.uvproj
Project File Date:  06/10/2020

<h2>Output:</h2>
compiling main.c...
"..\Sre\main.c" - 0 Errors, 0 Warning(s).
Build target 'Target 1'
linking...
Program Size: Code=16314 RO-data=4830 RW-data=132 ZI-data=1044  
FromELF: creating hex file...
"..\Output\CT117E-LCD.axf" - 0 Errors, 0 Warning(s).
Build target 'Target 1'
linking...
Program Size: Code=16314 RO-data=4830 RW-data=132 ZI-data=1044  
FromELF: creating hex file...
"..\Output\CT117E-LCD.axf" - 0 Errors, 0 Warning(s).
Load "..\\Output\\CT117E-LCD.axf" 
Erasing Done.
Program Speed: 9.15 KByte/s
Programming Done.
Build target 'Target 1'
linking...
Program Size: Code=16314 RO-data=4830 RW-data=132 ZI-data=1044  
FromELF: creating hex file...
"..\Output\CT117E-LCD.axf" - 0 Errors, 0 Warning(s).
Build target 'Target 1'
compiling main.c...
linking...
Program Size: Code=16314 RO-data=4830 RW-data=132 ZI-data=1044  
FromELF: creating hex file...
"..\Output\CT117E-LCD.axf" - 0 Errors, 0 Warning(s).
Load "..\\Output\\CT117E-LCD.axf" 
Erasing Done.
Program Speed: 7.49 KByte/s
Programming Done.
Build target 'Target 1'
compiling main.c...
linking...
Program Size: Code=16314 RO-data=4830 RW-data=132 ZI-data=1044  
FromELF: creating hex file...
"..\Output\CT117E-LCD.axf" - 0 Errors, 0 Warning(s).
Load "..\\Output\\CT117E-LCD.axf" 
Erasing Done.
Program Speed: 8.80 KByte/s
Programming Done.
Build target 'Target 1'
compiling main.c...
compiling uart.c...
linking...
Program Size: Code=16282 RO-data=4830 RW-data=132 ZI-data=1044  
FromELF: creating hex file...
"..\Output\CT117E-LCD.axf" - 0 Errors, 0 Warning(s).
Build target 'Target 1'
compiling main.c...
linking...
Program Size: Code=16270 RO-data=4830 RW-data=132 ZI-data=1044  
FromELF: creating hex file...
"..\Output\CT117E-LCD.axf" - 0 Errors, 0 Warning(s).
Load "..\\Output\\CT117E-LCD.axf" 
Erasing Done.
Program Speed: 9.02 KByte/s
Programming Done.
Build target 'Target 1'
compiling main.c...
linking...
Program Size: Code=16282 RO-data=4830 RW-data=132 ZI-data=1044  
FromELF: creating hex file...
"..\Output\CT117E-LCD.axf" - 0 Errors, 0 Warning(s).
Build target 'Target 1'
compiling main.c...
..\Sre\main.c(138): error:  #20: identifier "rx_ideltime" is undefined
"..\Output\CT117E-LCD.axf" - 1 Errors, 0 Warning(s).
Target not created
Build target 'Target 1'
compiling main.c...
..\Sre\main.c(138): error:  #20: identifier "rx_ideltime" is undefined
compiling uart.c...
"..\Output\CT117E-LCD.axf" - 1 Errors, 0 Warning(s).
Target not created
Build target 'Target 1'
compiling main.c...
compiling uart.c...
linking...
Program Size: Code=16318 RO-data=4830 RW-data=132 ZI-data=1044  
FromELF: creating hex file...
"..\Output\CT117E-LCD.axf" - 0 Errors, 0 Warning(s).
Load "..\\Output\\CT117E-LCD.axf" 
Erasing Done.
Program Speed: 9.03 KByte/s
Programming Done.
Build target 'Target 1'
compiling main.c...
linking...
Program Size: Code=16306 RO-data=4830 RW-data=132 ZI-data=1044  
FromELF: creating hex file...
"..\Output\CT117E-LCD.axf" - 0 Errors, 0 Warning(s).
Load "..\\Output\\CT117E-LCD.axf" 
Erasing Done.
Program Speed: 8.97 KByte/s
Programming Done.
Build target 'Target 1'
compiling main.c...
compiling uart.c...
linking...
Program Size: Code=16314 RO-data=4830 RW-data=132 ZI-data=1044  
FromELF: creating hex file...
"..\Output\CT117E-LCD.axf" - 0 Errors, 0 Warning(s).
Load "..\\Output\\CT117E-LCD.axf" 
Erasing Done.
Program Speed: 8.80 KByte/s
Programming Done.
