<html>
<body>
<pre>
<h1>礦ision Build Log</h1>
<h2>Project:</h2>
C:\蓝桥杯视频录制\蓝桥杯嵌入式提高篇\3.国一比赛模板介绍及使用方法\【比赛模板】3.4.1 Timer + Buzzer - 课后习题\CT117E-LCD\Project\CT117E-LCD.uvproj
Project File Date:  05/04/2020

<h2>Output:</h2>
Build target 'Target 1'
compiling main.c...
linking...
Program Size: Code=9590 RO-data=4830 RW-data=56 ZI-data=1632  
FromELF: creating hex file...
"..\Output\CT117E-LCD.axf" - 0 Errors, 0 Warning(s).
Load "..\\Output\\CT117E-LCD.axf" 
Erasing Done.
Program Speed: 8.76 KByte/s
Programming Done.
Build target 'Target 1'
compiling main.c...
linking...
Program Size: Code=9590 RO-data=4830 RW-data=56 ZI-data=1632  
FromELF: creating hex file...
"..\Output\CT117E-LCD.axf" - 0 Errors, 0 Warning(s).
Load "..\\Output\\CT117E-LCD.axf" 
Erasing Done.
Program Speed: 8.67 KByte/s
Programming Done.
Build target 'Target 1'
linking...
Program Size: Code=9590 RO-data=4830 RW-data=56 ZI-data=1632  
FromELF: creating hex file...
"..\Output\CT117E-LCD.axf" - 0 Errors, 0 Warning(s).
Load "..\\Output\\CT117E-LCD.axf" 
Erasing Done.
Program Speed: 8.84 KByte/s
Programming Done.
