<html>
<body>
<pre>
<h1>礦ision Build Log</h1>
<h2>Project:</h2>
C:\蓝桥杯视频录制\蓝桥杯嵌入式提高篇\3.国一比赛模板介绍及使用方法\【比赛模板】3.6.1 EEPROM写入间隔及初值设置\CT117E-LCD\Project\CT117E-LCD.uvproj
Project File Date:  06/05/2020

<h2>Output:</h2>
Build target 'Target 1'
compiling main.c...
..\Sre\main.c(60): warning:  #167-D: argument of type "u8 *" is incompatible with parameter of type "char *restrict"
linking...
Program Size: Code=11198 RO-data=4830 RW-data=64 ZI-data=1664  
FromELF: creating hex file...
"..\Output\CT117E-LCD.axf" - 0 Errors, 1 Warning(s).
Load "..\\Output\\CT117E-LCD.axf" 
Erasing Done.
Program Speed: 8.82 KByte/s
Programming Done.
Build target 'Target 1'
linking...
Program Size: Code=11198 RO-data=4830 RW-data=64 ZI-data=1664  
FromELF: creating hex file...
"..\Output\CT117E-LCD.axf" - 0 Errors, 0 Warning(s).
Load "..\\Output\\CT117E-LCD.axf" 
Erasing Done.
Program Speed: 9.05 KByte/s
Programming Done.
Build target 'Target 1'
compiling main.c...
..\Sre\main.c(62): warning:  #167-D: argument of type "u8 *" is incompatible with parameter of type "char *restrict"
linking...
Program Size: Code=11214 RO-data=4830 RW-data=64 ZI-data=1664  
FromELF: creating hex file...
"..\Output\CT117E-LCD.axf" - 0 Errors, 1 Warning(s).
Load "..\\Output\\CT117E-LCD.axf" 
Erasing Done.
Program Speed: 8.98 KByte/s
Programming Done.
Build target 'Target 1'
compiling main.c...
..\Sre\main.c(62): warning:  #167-D: argument of type "u8 *" is incompatible with parameter of type "char *restrict"
linking...
Program Size: Code=11198 RO-data=4830 RW-data=64 ZI-data=1664  
FromELF: creating hex file...
"..\Output\CT117E-LCD.axf" - 0 Errors, 1 Warning(s).
Load "..\\Output\\CT117E-LCD.axf" 
Erasing Done.
Program Speed: 8.89 KByte/s
Programming Done.
Build target 'Target 1'
compiling main.c...
..\Sre\main.c(62): warning:  #167-D: argument of type "u8 *" is incompatible with parameter of type "char *restrict"
linking...
Program Size: Code=11186 RO-data=4830 RW-data=64 ZI-data=1664  
FromELF: creating hex file...
"..\Output\CT117E-LCD.axf" - 0 Errors, 1 Warning(s).
Load "..\\Output\\CT117E-LCD.axf" 
Erasing Done.
Program Speed: 8.96 KByte/s
Programming Done.
Build target 'Target 1'
compiling main.c...
..\Sre\main.c(60): warning:  #167-D: argument of type "u8 *" is incompatible with parameter of type "char *restrict"
linking...
Program Size: Code=11198 RO-data=4830 RW-data=64 ZI-data=1664  
FromELF: creating hex file...
"..\Output\CT117E-LCD.axf" - 0 Errors, 1 Warning(s).
Load "..\\Output\\CT117E-LCD.axf" 
Erasing Done.
Program Speed: 8.97 KByte/s
Programming Done.
Build target 'Target 1'
compiling main.c...
..\Sre\main.c(60): warning:  #167-D: argument of type "u8 *" is incompatible with parameter of type "char *restrict"
linking...
Program Size: Code=11198 RO-data=4830 RW-data=64 ZI-data=1664  
FromELF: creating hex file...
"..\Output\CT117E-LCD.axf" - 0 Errors, 1 Warning(s).
Load "..\\Output\\CT117E-LCD.axf" 
Erasing Done.
Program Speed: 8.90 KByte/s
Programming Done.
Build target 'Target 1'
compiling main.c...
..\Sre\main.c(60): warning:  #167-D: argument of type "u8 *" is incompatible with parameter of type "char *restrict"
linking...
Program Size: Code=11198 RO-data=4830 RW-data=64 ZI-data=1664  
FromELF: creating hex file...
"..\Output\CT117E-LCD.axf" - 0 Errors, 1 Warning(s).
Load "..\\Output\\CT117E-LCD.axf" 
Erasing Done.
Program Speed: 8.82 KByte/s
Programming Done.
Build target 'Target 1'
compiling main.c...
..\Sre\main.c(62): warning:  #167-D: argument of type "u8 *" is incompatible with parameter of type "char *restrict"
linking...
Program Size: Code=11214 RO-data=4830 RW-data=64 ZI-data=1664  
FromELF: creating hex file...
"..\Output\CT117E-LCD.axf" - 0 Errors, 1 Warning(s).
Load "..\\Output\\CT117E-LCD.axf" 
Erasing Done.
Program Speed: 8.98 KByte/s
Programming Done.
Build target 'Target 1'
compiling main.c...
..\Sre\main.c(62): warning:  #167-D: argument of type "u8 *" is incompatible with parameter of type "char *restrict"
linking...
Program Size: Code=11198 RO-data=4830 RW-data=64 ZI-data=1664  
FromELF: creating hex file...
"..\Output\CT117E-LCD.axf" - 0 Errors, 1 Warning(s).
Load "..\\Output\\CT117E-LCD.axf" 
Erasing Done.
Program Speed: 8.97 KByte/s
Programming Done.
Build target 'Target 1'
compiling main.c...
..\Sre\main.c(62): warning:  #167-D: argument of type "u8 *" is incompatible with parameter of type "char *restrict"
linking...
Program Size: Code=11198 RO-data=4830 RW-data=64 ZI-data=1664  
FromELF: creating hex file...
"..\Output\CT117E-LCD.axf" - 0 Errors, 1 Warning(s).
Build target 'Target 1'
compiling main.c...
..\Sre\main.c(62): warning:  #167-D: argument of type "u8 *" is incompatible with parameter of type "char *restrict"
linking...
Program Size: Code=11186 RO-data=4830 RW-data=64 ZI-data=1664  
FromELF: creating hex file...
"..\Output\CT117E-LCD.axf" - 0 Errors, 1 Warning(s).
Load "..\\Output\\CT117E-LCD.axf" 
Erasing Done.
Program Speed: 8.96 KByte/s
Programming Done.
Build target 'Target 1'
compiling main.c...
..\Sre\main.c(62): warning:  #167-D: argument of type "u8 *" is incompatible with parameter of type "char *restrict"
linking...
Program Size: Code=11198 RO-data=4830 RW-data=64 ZI-data=1664  
FromELF: creating hex file...
"..\Output\CT117E-LCD.axf" - 0 Errors, 1 Warning(s).
Load "..\\Output\\CT117E-LCD.axf" 
Erasing Done.
Program Speed: 8.52 KByte/s
Programming Done.
