<html>
<body>
<pre>
<h1>礦ision Build Log</h1>
<h2>Project:</h2>
C:\蓝桥杯视频录制\蓝桥杯嵌入式提高篇\3.国一比赛模板介绍及使用方法\【比赛模板】3.11.1 串口2与PWM冲突的解决方法\CT117E-LCD\Project\CT117E-LCD.uvproj
Project File Date:  06/09/2020

<h2>Output:</h2>
Build target 'Target 1'
compiling core_cm3.c...
compiling system_stm32f10x.c...
compiling stm32f10x_gpio.c...
compiling stm32f10x_rcc.c...
compiling misc.c...
compiling stm32f10x_adc.c...
compiling stm32f10x_bkp.c...
compiling stm32f10x_can.c...
compiling stm32f10x_cec.c...
compiling stm32f10x_crc.c...
compiling stm32f10x_dac.c...
compiling stm32f10x_dbgmcu.c...
compiling stm32f10x_dma.c...
compiling stm32f10x_exti.c...
compiling stm32f10x_flash.c...
compiling stm32f10x_fsmc.c...
compiling stm32f10x_i2c.c...
compiling stm32f10x_iwdg.c...
compiling stm32f10x_pwr.c...
compiling stm32f10x_rtc.c...
compiling stm32f10x_sdio.c...
compiling stm32f10x_spi.c...
compiling stm32f10x_tim.c...
compiling stm32f10x_usart.c...
compiling stm32f10x_wwdg.c...
compiling lcd.c...
compiling main.c...
compiling stm32f10x_it.c...
compiling led.c...
compiling timer.c...
compiling buzzer.c...
compiling key.c...
compiling i2c.c...
compiling adc.c...
compiling rtc.c...
compiling pwm.c...
compiling pwm_capture.c...
compiling uart.c...
linking...
Program Size: Code=16194 RO-data=4830 RW-data=132 ZI-data=1044  
FromELF: creating hex file...
"..\Output\CT117E-LCD.axf" - 0 Errors, 0 Warning(s).
Load "..\\Output\\CT117E-LCD.axf" 
Erasing Done.
Program Speed: 7.89 KByte/s
Programming Done.
Load "..\\Output\\CT117E-LCD.axf" 
Erasing Done.
Program Speed: 8.69 KByte/s
Programming Done.
Build target 'Target 1'
compiling main.c...
linking...
Program Size: Code=16202 RO-data=4830 RW-data=132 ZI-data=1044  
FromELF: creating hex file...
"..\Output\CT117E-LCD.axf" - 0 Errors, 0 Warning(s).
Load "..\\Output\\CT117E-LCD.axf" 
Erasing Done.
Program Speed: 8.53 KByte/s
Programming Done.
Build target 'Target 1'
compiling main.c...
linking...
Program Size: Code=16198 RO-data=4830 RW-data=132 ZI-data=1044  
FromELF: creating hex file...
"..\Output\CT117E-LCD.axf" - 0 Errors, 0 Warning(s).
Load "..\\Output\\CT117E-LCD.axf" 
Erasing Done.
Program Speed: 8.32 KByte/s
Programming Done.
